../Core/Src/main.c:115:6:ProcessHalf	3
../Core/Src/main.c:135:6:TransmitAudioFrame	1
../Core/Src/main.c:142:6:HAL_UART_TxCpltCallback	2
../Core/Src/main.c:152:9:clamp	3
../Core/Src/main.c:164:6:HAL_DFSDM_FilterRegConvHalfCpltCallback	3
../Core/Src/main.c:174:6:HAL_DFSDM_FilterRegConvCpltCallback	3
../Core/Src/main.c:189:5:main	7
../Core/Src/main.c:269:6:SystemClock_Config	4
../Core/Src/main.c:320:13:MX_DAC1_Init	3
../Core/Src/main.c:363:13:MX_DFSDM1_Init	9
../Core/Src/main.c:468:13:MX_TIM6_Init	3
../Core/Src/main.c:506:13:MX_USART1_UART_Init	2
../Core/Src/main.c:539:13:MX_DMA_Init	1
../Core/Src/main.c:567:13:MX_GPIO_Init	1
../Core/Src/main.c:609:6:Error_Handler	1
