../Core/Src/main.c:104:6:TransmitAudioFrame	16	static
../Core/Src/main.c:112:6:HAL_UART_TxCpltCallback	16	static
../Core/Src/main.c:122:9:clamp	16	static
../Core/Src/main.c:129:6:CaptureSamples	56	static
../Core/Src/main.c:176:6:HAL_DFSDM_FilterRegConvHalfCpltCallback	16	static
../Core/Src/main.c:185:6:HAL_DFSDM_FilterRegConvCpltCallback	16	static
../Core/Src/main.c:203:5:main	1080	static
../Core/Src/main.c:281:6:SystemClock_Config	96	static
../Core/Src/main.c:332:13:MX_DFSDM1_Init	8	static
../Core/Src/main.c:385:13:MX_USART1_UART_Init	8	static
../Core/Src/main.c:418:13:MX_DMA_Init	16	static
../Core/Src/main.c:440:13:MX_GPIO_Init	40	static
../Core/Src/main.c:475:6:Error_Handler	4	static,ignoring_inline_asm
