../Core/Src/main.c:115:6:ProcessHalf	48	static
../Core/Src/main.c:135:6:TransmitAudioFrame	16	static
../Core/Src/main.c:142:6:HAL_UART_TxCpltCallback	16	static
../Core/Src/main.c:152:9:clamp	16	static
../Core/Src/main.c:164:6:HAL_DFSDM_FilterRegConvHalfCpltCallback	16	static
../Core/Src/main.c:174:6:HAL_DFSDM_FilterRegConvCpltCallback	16	static
../Core/Src/main.c:189:5:main	8	static
../Core/Src/main.c:269:6:SystemClock_Config	96	static
../Core/Src/main.c:320:13:MX_DAC1_Init	48	static
../Core/Src/main.c:363:13:MX_DFSDM1_Init	8	static
../Core/Src/main.c:468:13:MX_TIM6_Init	24	static
../Core/Src/main.c:506:13:MX_USART1_UART_Init	8	static
../Core/Src/main.c:539:13:MX_DMA_Init	16	static
../Core/Src/main.c:567:13:MX_GPIO_Init	48	static
../Core/Src/main.c:609:6:Error_Handler	4	static,ignoring_inline_asm
