Archive member included to satisfy reference by file (symbol)

c:/Users/sammy/AppData/Roaming/Code/User/globalStorage/bmd.stm32-for-vscode/@xpack-dev-tools/arm-none-eabi-gcc/14.2.1-1.1.1/.content/bin/../lib/gcc/arm-none-eabi/14.2.1/../../../../arm-none-eabi/lib/thumb/v7e-m+fp/hard\libc_nano.a(libc_a-atexit.o)
                              c:/Users/sammy/AppData/Roaming/Code/User/globalStorage/bmd.stm32-for-vscode/@xpack-dev-tools/arm-none-eabi-gcc/14.2.1-1.1.1/.content/bin/../lib/gcc/arm-none-eabi/14.2.1/../../../../arm-none-eabi/lib/thumb/v7e-m+fp/hard/crt0.o (atexit)
c:/Users/sammy/AppData/Roaming/Code/User/globalStorage/bmd.stm32-for-vscode/@xpack-dev-tools/arm-none-eabi-gcc/14.2.1-1.1.1/.content/bin/../lib/gcc/arm-none-eabi/14.2.1/../../../../arm-none-eabi/lib/thumb/v7e-m+fp/hard\libc_nano.a(libc_a-exit.o)
                              c:/Users/sammy/AppData/Roaming/Code/User/globalStorage/bmd.stm32-for-vscode/@xpack-dev-tools/arm-none-eabi-gcc/14.2.1-1.1.1/.content/bin/../lib/gcc/arm-none-eabi/14.2.1/../../../../arm-none-eabi/lib/thumb/v7e-m+fp/hard/crt0.o (exit)
c:/Users/sammy/AppData/Roaming/Code/User/globalStorage/bmd.stm32-for-vscode/@xpack-dev-tools/arm-none-eabi-gcc/14.2.1-1.1.1/.content/bin/../lib/gcc/arm-none-eabi/14.2.1/../../../../arm-none-eabi/lib/thumb/v7e-m+fp/hard\libc_nano.a(libc_a-findfp.o)
                              c:/Users/sammy/AppData/Roaming/Code/User/globalStorage/bmd.stm32-for-vscode/@xpack-dev-tools/arm-none-eabi-gcc/14.2.1-1.1.1/.content/bin/../lib/gcc/arm-none-eabi/14.2.1/../../../../arm-none-eabi/lib/thumb/v7e-m+fp/hard\libc_nano.a(libc_a-exit.o) (__stdio_exit_handler)
c:/Users/sammy/AppData/Roaming/Code/User/globalStorage/bmd.stm32-for-vscode/@xpack-dev-tools/arm-none-eabi-gcc/14.2.1-1.1.1/.content/bin/../lib/gcc/arm-none-eabi/14.2.1/../../../../arm-none-eabi/lib/thumb/v7e-m+fp/hard\libc_nano.a(libc_a-fwalk.o)
                              c:/Users/sammy/AppData/Roaming/Code/User/globalStorage/bmd.stm32-for-vscode/@xpack-dev-tools/arm-none-eabi-gcc/14.2.1-1.1.1/.content/bin/../lib/gcc/arm-none-eabi/14.2.1/../../../../arm-none-eabi/lib/thumb/v7e-m+fp/hard\libc_nano.a(libc_a-findfp.o) (_fwalk_sglue)
c:/Users/sammy/AppData/Roaming/Code/User/globalStorage/bmd.stm32-for-vscode/@xpack-dev-tools/arm-none-eabi-gcc/14.2.1-1.1.1/.content/bin/../lib/gcc/arm-none-eabi/14.2.1/../../../../arm-none-eabi/lib/thumb/v7e-m+fp/hard\libc_nano.a(libc_a-stdio.o)
                              c:/Users/sammy/AppData/Roaming/Code/User/globalStorage/bmd.stm32-for-vscode/@xpack-dev-tools/arm-none-eabi-gcc/14.2.1-1.1.1/.content/bin/../lib/gcc/arm-none-eabi/14.2.1/../../../../arm-none-eabi/lib/thumb/v7e-m+fp/hard\libc_nano.a(libc_a-findfp.o) (__sread)
c:/Users/sammy/AppData/Roaming/Code/User/globalStorage/bmd.stm32-for-vscode/@xpack-dev-tools/arm-none-eabi-gcc/14.2.1-1.1.1/.content/bin/../lib/gcc/arm-none-eabi/14.2.1/../../../../arm-none-eabi/lib/thumb/v7e-m+fp/hard\libc_nano.a(libc_a-memset.o)
                              c:/Users/sammy/AppData/Roaming/Code/User/globalStorage/bmd.stm32-for-vscode/@xpack-dev-tools/arm-none-eabi-gcc/14.2.1-1.1.1/.content/bin/../lib/gcc/arm-none-eabi/14.2.1/../../../../arm-none-eabi/lib/thumb/v7e-m+fp/hard/crt0.o (memset)
c:/Users/sammy/AppData/Roaming/Code/User/globalStorage/bmd.stm32-for-vscode/@xpack-dev-tools/arm-none-eabi-gcc/14.2.1-1.1.1/.content/bin/../lib/gcc/arm-none-eabi/14.2.1/../../../../arm-none-eabi/lib/thumb/v7e-m+fp/hard\libc_nano.a(libc_a-closer.o)
                              c:/Users/sammy/AppData/Roaming/Code/User/globalStorage/bmd.stm32-for-vscode/@xpack-dev-tools/arm-none-eabi-gcc/14.2.1-1.1.1/.content/bin/../lib/gcc/arm-none-eabi/14.2.1/../../../../arm-none-eabi/lib/thumb/v7e-m+fp/hard\libc_nano.a(libc_a-stdio.o) (_close_r)
c:/Users/sammy/AppData/Roaming/Code/User/globalStorage/bmd.stm32-for-vscode/@xpack-dev-tools/arm-none-eabi-gcc/14.2.1-1.1.1/.content/bin/../lib/gcc/arm-none-eabi/14.2.1/../../../../arm-none-eabi/lib/thumb/v7e-m+fp/hard\libc_nano.a(libc_a-reent.o)
                              c:/Users/sammy/AppData/Roaming/Code/User/globalStorage/bmd.stm32-for-vscode/@xpack-dev-tools/arm-none-eabi-gcc/14.2.1-1.1.1/.content/bin/../lib/gcc/arm-none-eabi/14.2.1/../../../../arm-none-eabi/lib/thumb/v7e-m+fp/hard\libc_nano.a(libc_a-closer.o) (errno)
c:/Users/sammy/AppData/Roaming/Code/User/globalStorage/bmd.stm32-for-vscode/@xpack-dev-tools/arm-none-eabi-gcc/14.2.1-1.1.1/.content/bin/../lib/gcc/arm-none-eabi/14.2.1/../../../../arm-none-eabi/lib/thumb/v7e-m+fp/hard\libc_nano.a(libc_a-impure.o)
                              c:/Users/sammy/AppData/Roaming/Code/User/globalStorage/bmd.stm32-for-vscode/@xpack-dev-tools/arm-none-eabi-gcc/14.2.1-1.1.1/.content/bin/../lib/gcc/arm-none-eabi/14.2.1/../../../../arm-none-eabi/lib/thumb/v7e-m+fp/hard\libc_nano.a(libc_a-reent.o) (_impure_ptr)
[...]
Memory Configuration

Name             Origin             Length             Attributes
RAM              0x20000000         0x00018000         xrw
RAM2             0x10000000         0x00008000         xrw
FLASH            0x08000000         0x00100000         xr
*default*        0x00000000         0xffffffff

Linker script and memory map

LOAD c:/Users/sammy/AppData/Roaming/Code/User/globalStorage/bmd.stm32-for-vscode/@xpack-dev-tools/arm-none-eabi-gcc/14.2.1-1.1.1/.content/bin/../lib/gcc/arm-none-eabi/14.2.1/thumb/v7e-m+fp/hard/crti.o
LOAD c:/Users/sammy/AppData/Roaming/Code/User/globalStorage/bmd.stm32-for-vscode/@xpack-dev-tools/arm-none-eabi-gcc/14.2.1-1.1.1/.content/bin/../lib/gcc/arm-none-eabi/14.2.1/thumb/v7e-m+fp/hard/crtbegin.o
LOAD c:/Users/sammy/AppData/Roaming/Code/User/globalStorage/bmd.stm32-for-vscode/@xpack-dev-tools/arm-none-eabi-gcc/14.2.1-1.1.1/.content/bin/../lib/gcc/arm-none-eabi/14.2.1/../../../../arm-none-eabi/lib/thumb/v7e-m+fp/hard/crt0.o
LOAD build/debug/main.o
LOAD build/debug/stm32l4xx_hal.o
LOAD build/debug/stm32l4xx_hal_cortex.o
LOAD build/debug/stm32l4xx_hal_dfsdm.o
LOAD build/debug/stm32l4xx_hal_dma.o
LOAD build/debug/stm32l4xx_hal_dma_ex.o
LOAD build/debug/stm32l4xx_hal_exti.o
LOAD build/debug/stm32l4xx_hal_flash.o
LOAD build/debug/stm32l4xx_hal_flash_ex.o
LOAD build/debug/stm32l4xx_hal_flash_ramfunc.o
LOAD build/debug/stm32l4xx_hal_gpio.o
LOAD build/debug/stm32l4xx_hal_i2c.o
LOAD build/debug/stm32l4xx_hal_i2c_ex.o
LOAD build/debug/stm32l4xx_hal_msp.o
LOAD build/debug/stm32l4xx_hal_pwr.o
LOAD build/debug/stm32l4xx_hal_pwr_ex.o
LOAD build/debug/stm32l4xx_hal_rcc.o
LOAD build/debug/stm32l4xx_hal_rcc_ex.o
LOAD build/debug/stm32l4xx_hal_uart.o
LOAD build/debug/stm32l4xx_hal_uart_ex.o
LOAD build/debug/stm32l4xx_it.o
LOAD build/debug/syscalls.o
LOAD build/debug/sysmem.o
LOAD build/debug/system_stm32l4xx.o
LOAD build/debug/startup_stm32l475xx.o
LOAD c:/Users/sammy/AppData/Roaming/Code/User/globalStorage/bmd.stm32-for-vscode/@xpack-dev-tools/arm-none-eabi-gcc/14.2.1-1.1.1/.content/bin/../lib/gcc/arm-none-eabi/14.2.1/../../../../arm-none-eabi/lib/thumb/v7e-m+fp/hard\libc_nano.a
LOAD c:/Users/sammy/AppData/Roaming/Code/User/globalStorage/bmd.stm32-for-vscode/@xpack-dev-tools/arm-none-eabi-gcc/14.2.1-1.1.1/.content/bin/../lib/gcc/arm-none-eabi/14.2.1/../../../../arm-none-eabi/lib/thumb/v7e-m+fp/hard\libm.a
LOAD c:/Users/sammy/AppData/Roaming/Code/User/globalStorage/bmd.stm32-for-vscode/@xpack-dev-tools/arm-none-eabi-gcc/14.2.1-1.1.1/.content/bin/../lib/gcc/arm-none-eabi/14.2.1/../../../../arm-none-eabi/lib/thumb/v7e-m+fp/hard\libnosys.a
START GROUP
LOAD c:/Users/sammy/AppData/Roaming/Code/User/globalStorage/bmd.stm32-for-vscode/@xpack-dev-tools/arm-none-eabi-gcc/14.2.1-1.1.1/.content/bin/../lib/gcc/arm-none-eabi/14.2.1/thumb/v7e-m+fp/hard\libgcc.a
LOAD c:/Users/sammy/AppData/Roaming/Code/User/globalStorage/bmd.stm32-for-vscode/@xpack-dev-tools/arm-none-eabi-gcc/14.2.1-1.1.1/.content/bin/../lib/gcc/arm-none-eabi/14.2.1/../../../../arm-none-eabi/lib/thumb/v7e-m+fp/hard\libc_nano.a
END GROUP
START GROUP
LOAD c:/Users/sammy/AppData/Roaming/Code/User/globalStorage/bmd.stm32-for-vscode/@xpack-dev-tools/arm-none-eabi-gcc/14.2.1-1.1.1/.content/bin/../lib/gcc/arm-none-eabi/14.2.1/thumb/v7e-m+fp/hard\libgcc.a
LOAD c:/Users/sammy/AppData/Roaming/Code/User/globalStorage/bmd.stm32-for-vscode/@xpack-dev-tools/arm-none-eabi-gcc/14.2.1-1.1.1/.content/bin/../lib/gcc/arm-none-eabi/14.2.1/../../../../arm-none-eabi/lib/thumb/v7e-m+fp/hard\libc_nano.a
END GROUP
LOAD c:/Users/sammy/AppData/Roaming/Code/User/globalStorage/bmd.stm32-for-vscode/@xpack-dev-tools/arm-none-eabi-gcc/14.2.1-1.1.1/.content/bin/../lib/gcc/arm-none-eabi/14.2.1/thumb/v7e-m+fp/hard/crtend.o
LOAD c:/Users/sammy/AppData/Roaming/Code/User/globalStorage/bmd.stm32-for-vscode/@xpack-dev-tools/arm-none-eabi-gcc/14.2.1-1.1.1/.content/bin/../lib/gcc/arm-none-eabi/14.2.1/thumb/v7e-m+fp/hard/crtn.o
                0x20018000                        _estack = (ORIGIN (RAM) + LENGTH (RAM))
                0x00000200                        _Min_Heap_Size = 0x200
                0x00000400                        _Min_Stack_Size = 0x400

.isr_vector     0x08000000      0x188
                0x08000000                        . = ALIGN (0x8)
 *(.isr_vector)
 .isr_vector    0x08000000      0x188 build/debug/startup_stm32l475xx.o
                0x08000000                g_pfnVectors
                0x08000188                        . = ALIGN (0x8)

.text           0x08000188     0x2f08
                0x08000188                        . = ALIGN (0x8)
 *(.text)
 .text          0x08000188       0x30 c:/Users/sammy/AppData/Roaming/Code/User/globalStorage/bmd.stm32-for-vscode/@xpack-dev-tools/arm-none-eabi-gcc/14.2.1-1.1.1/.content/bin/../lib/gcc/arm-none-eabi/14.2.1/thumb/v7e-m+fp/hard\libgcc.a(_aeabi_uldivmod.o)
                0x08000188                __aeabi_uldivmod
 .text          0x080001b8        0x4 c:/Users/sammy/AppData/Roaming/Code/User/globalStorage/bmd.stm32-for-vscode/@xpack-dev-tools/arm-none-eabi-gcc/14.2.1-1.1.1/.content/bin/../lib/gcc/arm-none-eabi/14.2.1/thumb/v7e-m+fp/hard\libgcc.a(_dvmd_tls.o)
                0x080001b8                __aeabi_idiv0
                0x080001b8                __aeabi_ldiv0
 *(.text*)
 .text.__do_global_dtors_aux
                0x080001bc       0x24 c:/Users/sammy/AppData/Roaming/Code/User/globalStorage/bmd.stm32-for-vscode/@xpack-dev-tools/arm-none-eabi-gcc/14.2.1-1.1.1/.content/bin/../lib/gcc/arm-none-eabi/14.2.1/thumb/v7e-m+fp/hard/crtbegin.o
 .text.frame_dummy
                0x080001e0       0x1c c:/Users/sammy/AppData/Roaming/Code/User/globalStorage/bmd.stm32-for-vscode/@xpack-dev-tools/arm-none-eabi-gcc/14.2.1-1.1.1/.content/bin/../lib/gcc/arm-none-eabi/14.2.1/thumb/v7e-m+fp/hard/crtbegin.o
 .text.MX_GPIO_Init
                0x080001fc       0xa8 build/debug/main.o
 .text.MX_DMA_Init
                0x080002a4       0x44 build/debug/main.o
 .text.HAL_DFSDM_FilterRegConvHalfCpltCallback
                0x080002e8        0xc build/debug/main.o
                0x080002e8                HAL_DFSDM_FilterRegConvHalfCpltCallback
 .text.HAL_DFSDM_FilterRegConvCpltCallback
                0x080002f4        0xc build/debug/main.o
                0x080002f4                HAL_DFSDM_FilterRegConvCpltCallback
 .text.Error_Handler
                0x08000300       0x1c build/debug/main.o
                0x08000300                Error_Handler
 .text.MX_DFSDM1_Init
                0x0800031c       0x7c build/debug/main.o
 .text.MX_USART3_UART_Init
                0x08000398       0x38 build/debug/main.o
 .text.SystemClock_Config
                0x080003d0       0x7c build/debug/main.o
                0x080003d0                SystemClock_Config
 .text.main     0x0800044c       0x4c build/debug/main.o
                0x0800044c                main
 .text.HAL_InitTick
                0x08000498       0x50 build/debug/stm32l4xx_hal.o
                0x08000498                HAL_InitTick
 .text.HAL_Init
                0x080004e8       0x1e build/debug/stm32l4xx_hal.o
                0x080004e8                HAL_Init
 *fill*         0x08000506        0x2 
 .text.HAL_IncTick
                0x08000508       0x18 build/debug/stm32l4xx_hal.o
                0x08000508                HAL_IncTick
 .text.HAL_GetTick
                0x08000520        0xc build/debug/stm32l4xx_hal.o
                0x08000520                HAL_GetTick
 .text.HAL_Delay
                0x0800052c       0x28 build/debug/stm32l4xx_hal.o
                0x0800052c                HAL_Delay
 .text.__NVIC_EnableIRQ
                0x08000554       0x1c build/debug/stm32l4xx_hal_cortex.o
 .text.__NVIC_SetPriority
                0x08000570       0x28 build/debug/stm32l4xx_hal_cortex.o
 .text.NVIC_EncodePriority
                0x08000598       0x3e build/debug/stm32l4xx_hal_cortex.o
 *fill*         0x080005d6        0x2 
 .text.HAL_NVIC_SetPriorityGrouping
                0x080005d8       0x24 build/debug/stm32l4xx_hal_cortex.o
                0x080005d8                HAL_NVIC_SetPriorityGrouping
 .text.HAL_NVIC_SetPriority
                0x080005fc       0x20 build/debug/stm32l4xx_hal_cortex.o
                0x080005fc                HAL_NVIC_SetPriority
 .text.HAL_NVIC_EnableIRQ
                0x0800061c        0x8 build/debug/stm32l4xx_hal_cortex.o
                0x0800061c                HAL_NVIC_EnableIRQ
 .text.HAL_SYSTICK_Config
                0x08000624       0x28 build/debug/stm32l4xx_hal_cortex.o
                0x08000624                HAL_SYSTICK_Config
 .text.DFSDM_GetChannelFromInstance
                0x0800064c       0x50 build/debug/stm32l4xx_hal_dfsdm.o
 .text.DFSDM_RegConvStart
                0x0800069c       0x68 build/debug/stm32l4xx_hal_dfsdm.o
 .text.HAL_DFSDM_ChannelInit
                0x08000704      0x108 build/debug/stm32l4xx_hal_dfsdm.o
                0x08000704                HAL_DFSDM_ChannelInit
 .text.HAL_DFSDM_FilterInit
                0x0800080c      0x128 build/debug/stm32l4xx_hal_dfsdm.o
                0x0800080c                HAL_DFSDM_FilterInit
 .text.HAL_DFSDM_FilterConfigRegChannel
                0x08000934       0x50 build/debug/stm32l4xx_hal_dfsdm.o
                0x08000934                HAL_DFSDM_FilterConfigRegChannel
 .text.HAL_DFSDM_FilterRegularStart_DMA
                0x08000984       0xac build/debug/stm32l4xx_hal_dfsdm.o
                0x08000984                HAL_DFSDM_FilterRegularStart_DMA
 .text.DFSDM_DMARegularConvCplt
                0x08000a30        0xa build/debug/stm32l4xx_hal_dfsdm.o
 .text.DFSDM_DMARegularHalfConvCplt
                0x08000a3a        0xa build/debug/stm32l4xx_hal_dfsdm.o
 .text.HAL_DFSDM_FilterErrorCallback
                0x08000a44        0x2 build/debug/stm32l4xx_hal_dfsdm.o
                0x08000a44                HAL_DFSDM_FilterErrorCallback
 .text.DFSDM_DMAError
                0x08000a46        0xe build/debug/stm32l4xx_hal_dfsdm.o
 .text.DMA_SetConfig
                0x08000a54       0x32 build/debug/stm32l4xx_hal_dma.o
 *fill*         0x08000a86        0x2 
 .text.HAL_DMA_Init
                0x08000a88      0x10c build/debug/stm32l4xx_hal_dma.o
                0x08000a88                HAL_DMA_Init
 .text.HAL_DMA_Start_IT
                0x08000b94       0x78 build/debug/stm32l4xx_hal_dma.o
                0x08000b94                HAL_DMA_Start_IT
 .text.HAL_DMA_Abort
                0x08000c0c       0x4e build/debug/stm32l4xx_hal_dma.o
                0x08000c0c                HAL_DMA_Abort
 .text.HAL_DMA_Abort_IT
                0x08000c5a       0x4e build/debug/stm32l4xx_hal_dma.o
                0x08000c5a                HAL_DMA_Abort_IT
 .text.HAL_DMA_IRQHandler
                0x08000ca8       0xe8 build/debug/stm32l4xx_hal_dma.o
                0x08000ca8                HAL_DMA_IRQHandler
 .text.HAL_GPIO_Init
                0x08000d90      0x200 build/debug/stm32l4xx_hal_gpio.o
                0x08000d90                HAL_GPIO_Init
 .text.HAL_GPIO_WritePin
                0x08000f90        0xa build/debug/stm32l4xx_hal_gpio.o
                0x08000f90                HAL_GPIO_WritePin
 .text.HAL_GPIO_TogglePin
                0x08000f9a       0x12 build/debug/stm32l4xx_hal_gpio.o
                0x08000f9a                HAL_GPIO_TogglePin
 .text.HAL_MspInit
                0x08000fac       0x30 build/debug/stm32l4xx_hal_msp.o
                0x08000fac                HAL_MspInit
 .text.HAL_DFSDM_FilterMspInit
                0x08000fdc       0xf4 build/debug/stm32l4xx_hal_msp.o
                0x08000fdc                HAL_DFSDM_FilterMspInit
 .text.HAL_DFSDM_ChannelMspInit
                0x080010d0       0xa4 build/debug/stm32l4xx_hal_msp.o
                0x080010d0                HAL_DFSDM_ChannelMspInit
 .text.HAL_UART_MspInit
                0x08001174       0xdc build/debug/stm32l4xx_hal_msp.o
                0x08001174                HAL_UART_MspInit
 .text.HAL_PWREx_GetVoltageRange
                0x08001250       0x10 build/debug/stm32l4xx_hal_pwr_ex.o
                0x08001250                HAL_PWREx_GetVoltageRange
 .text.HAL_PWREx_ControlVoltageScaling
                0x08001260       0x90 build/debug/stm32l4xx_hal_pwr_ex.o
                0x08001260                HAL_PWREx_ControlVoltageScaling
 .text.RCC_SetFlashLatencyFromMSIRange
                0x080012f0       0x90 build/debug/stm32l4xx_hal_rcc.o
 .text.HAL_RCC_GetSysClockFreq
                0x08001380       0xa8 build/debug/stm32l4xx_hal_rcc.o
                0x08001380                HAL_RCC_GetSysClockFreq
 .text.HAL_RCC_OscConfig
                0x08001428      0x61c build/debug/stm32l4xx_hal_rcc.o
                0x08001428                HAL_RCC_OscConfig
 .text.HAL_RCC_ClockConfig
                0x08001a44      0x188 build/debug/stm32l4xx_hal_rcc.o
                0x08001a44                HAL_RCC_ClockConfig
 .text.HAL_RCC_GetHCLKFreq
                0x08001bcc        0xc build/debug/stm32l4xx_hal_rcc.o
                0x08001bcc                HAL_RCC_GetHCLKFreq
 .text.HAL_RCC_GetPCLK1Freq
                0x08001bd8       0x24 build/debug/stm32l4xx_hal_rcc.o
                0x08001bd8                HAL_RCC_GetPCLK1Freq
 .text.HAL_RCC_GetPCLK2Freq
                0x08001bfc       0x24 build/debug/stm32l4xx_hal_rcc.o
                0x08001bfc                HAL_RCC_GetPCLK2Freq
 .text.RCCEx_PLLSAI1_Config
                0x08001c20      0x170 build/debug/stm32l4xx_hal_rcc_ex.o
 .text.RCCEx_PLLSAI2_Config
                0x08001d90      0x14c build/debug/stm32l4xx_hal_rcc_ex.o
 .text.HAL_RCCEx_PeriphCLKConfig
                0x08001edc      0x454 build/debug/stm32l4xx_hal_rcc_ex.o
                0x08001edc                HAL_RCCEx_PeriphCLKConfig
 .text.UART_EndRxTransfer
                0x08002330       0x52 build/debug/stm32l4xx_hal_uart.o
 .text.HAL_UART_TxCpltCallback
                0x08002382        0x2 build/debug/stm32l4xx_hal_uart.o
                0x08002382                HAL_UART_TxCpltCallback
 .text.UART_EndTransmit_IT
                0x08002384       0x22 build/debug/stm32l4xx_hal_uart.o
 .text.HAL_UART_ErrorCallback
                0x080023a6        0x2 build/debug/stm32l4xx_hal_uart.o
                0x080023a6                HAL_UART_ErrorCallback
 .text.UART_DMAAbortOnError
                0x080023a8        0xa build/debug/stm32l4xx_hal_uart.o
 .text.HAL_UARTEx_RxEventCallback
                0x080023b2        0x2 build/debug/stm32l4xx_hal_uart.o
                0x080023b2                HAL_UARTEx_RxEventCallback
 .text.HAL_UART_IRQHandler
                0x080023b4      0x308 build/debug/stm32l4xx_hal_uart.o
                0x080023b4                HAL_UART_IRQHandler
 .text.UART_SetConfig
                0x080026bc      0x328 build/debug/stm32l4xx_hal_uart.o
                0x080026bc                UART_SetConfig
 .text.UART_AdvFeatureConfig
                0x080029e4       0xca build/debug/stm32l4xx_hal_uart.o
                0x080029e4                UART_AdvFeatureConfig
 .text.UART_WaitOnFlagUntilTimeout
                0x08002aae       0x9e build/debug/stm32l4xx_hal_uart.o
                0x08002aae                UART_WaitOnFlagUntilTimeout
 .text.UART_CheckIdleState
                0x08002b4c       0xc6 build/debug/stm32l4xx_hal_uart.o
                0x08002b4c                UART_CheckIdleState
 .text.HAL_UART_Init
                0x08002c12       0x62 build/debug/stm32l4xx_hal_uart.o
                0x08002c12                HAL_UART_Init
 .text.HAL_UARTEx_WakeupCallback
                0x08002c74        0x2 build/debug/stm32l4xx_hal_uart_ex.o
                0x08002c74                HAL_UARTEx_WakeupCallback
 .text.NMI_Handler
                0x08002c76        0x2 build/debug/stm32l4xx_it.o
                0x08002c76                NMI_Handler
 .text.HardFault_Handler
                0x08002c78        0x2 build/debug/stm32l4xx_it.o
                0x08002c78                HardFault_Handler
 .text.MemManage_Handler
                0x08002c7a        0x2 build/debug/stm32l4xx_it.o
                0x08002c7a                MemManage_Handler
 .text.BusFault_Handler
                0x08002c7c        0x2 build/debug/stm32l4xx_it.o
                0x08002c7c                BusFault_Handler
 .text.UsageFault_Handler
                0x08002c7e        0x2 build/debug/stm32l4xx_it.o
                0x08002c7e                UsageFault_Handler
 .text.SVC_Handler
                0x08002c80        0x2 build/debug/stm32l4xx_it.o
                0x08002c80                SVC_Handler
 .text.DebugMon_Handler
                0x08002c82        0x2 build/debug/stm32l4xx_it.o
                0x08002c82                DebugMon_Handler
 .text.PendSV_Handler
                0x08002c84        0x2 build/debug/stm32l4xx_it.o
                0x08002c84                PendSV_Handler
 .text.SysTick_Handler
                0x08002c86        0x8 build/debug/stm32l4xx_it.o
                0x08002c86                SysTick_Handler
 *fill*         0x08002c8e        0x2 
 .text.DMA1_Channel2_IRQHandler
                0x08002c90       0x10 build/debug/stm32l4xx_it.o
                0x08002c90                DMA1_Channel2_IRQHandler
 .text.DMA1_Channel4_IRQHandler
                0x08002ca0       0x10 build/debug/stm32l4xx_it.o
                0x08002ca0                DMA1_Channel4_IRQHandler
 .text.USART3_IRQHandler
                0x08002cb0       0x10 build/debug/stm32l4xx_it.o
                0x08002cb0                USART3_IRQHandler
 .text.SystemInit
                0x08002cc0       0x14 build/debug/system_stm32l4xx.o
                0x08002cc0                SystemInit
 .text.Reset_Handler
                0x08002cd4       0x50 build/debug/startup_stm32l475xx.o
                0x08002cd4                Reset_Handler
 .text.Default_Handler
                0x08002d24        0x2 build/debug/startup_stm32l475xx.o
                0x08002d24                RTC_Alarm_IRQHandler
                0x08002d24                EXTI2_IRQHandler
                0x08002d24                TIM8_TRG_COM_IRQHandler
                0x08002d24                TIM8_CC_IRQHandler
                0x08002d24                TIM1_CC_IRQHandler
                0x08002d24                TSC_IRQHandler
                0x08002d24                TAMP_STAMP_IRQHandler
                0x08002d24                EXTI3_IRQHandler
                0x08002d24                LPTIM2_IRQHandler
                0x08002d24                DFSDM1_FLT1_IRQHandler
                0x08002d24                I2C3_ER_IRQHandler
                0x08002d24                DFSDM1_FLT2_IRQHandler
                0x08002d24                EXTI0_IRQHandler
                0x08002d24                I2C2_EV_IRQHandler
                0x08002d24                CAN1_RX0_IRQHandler
                0x08002d24                FPU_IRQHandler
                0x08002d24                TIM1_UP_TIM16_IRQHandler
                0x08002d24                ADC1_2_IRQHandler
                0x08002d24                SPI1_IRQHandler
                0x08002d24                TIM6_DAC_IRQHandler
                0x08002d24                TIM8_UP_IRQHandler
                0x08002d24                DMA2_Channel2_IRQHandler
                0x08002d24                SAI2_IRQHandler
                0x08002d24                DFSDM1_FLT3_IRQHandler
                0x08002d24                DMA1_Channel7_IRQHandler
                0x08002d24                CAN1_RX1_IRQHandler
                0x08002d24                UART5_IRQHandler
                0x08002d24                ADC3_IRQHandler
                0x08002d24                TIM4_IRQHandler
                0x08002d24                DMA2_Channel1_IRQHandler
                0x08002d24                QUADSPI_IRQHandler
                0x08002d24                I2C1_EV_IRQHandler
                0x08002d24                DMA1_Channel6_IRQHandler
                0x08002d24                UART4_IRQHandler
                0x08002d24                DMA2_Channel4_IRQHandler
                0x08002d24                TIM3_IRQHandler
                0x08002d24                RCC_IRQHandler
                0x08002d24                DMA1_Channel1_IRQHandler
                0x08002d24                Default_Handler
                0x08002d24                DMA2_Channel7_IRQHandler
                0x08002d24                EXTI15_10_IRQHandler
                0x08002d24                TIM7_IRQHandler
                0x08002d24                SDMMC1_IRQHandler
                0x08002d24                TIM5_IRQHandler
                0x08002d24                I2C3_EV_IRQHandler
                0x08002d24                EXTI9_5_IRQHandler
                0x08002d24                RTC_WKUP_IRQHandler
                0x08002d24                PVD_PVM_IRQHandler
                0x08002d24                SPI2_IRQHandler
                0x08002d24                CAN1_TX_IRQHandler
                0x08002d24                DMA2_Channel5_IRQHandler
                0x08002d24                DMA1_Channel5_IRQHandler
                0x08002d24                EXTI4_IRQHandler
                0x08002d24                RNG_IRQHandler
                0x08002d24                TIM1_TRG_COM_TIM17_IRQHandler
                0x08002d24                DMA1_Channel3_IRQHandler
                0x08002d24                COMP_IRQHandler
                0x08002d24                WWDG_IRQHandler
                0x08002d24                LPUART1_IRQHandler
                0x08002d24                DMA2_Channel6_IRQHandler
                0x08002d24                TIM2_IRQHandler
                0x08002d24                EXTI1_IRQHandler
                0x08002d24                USART2_IRQHandler
                0x08002d24                DFSDM1_FLT0_IRQHandler
                0x08002d24                I2C2_ER_IRQHandler
                0x08002d24                TIM8_BRK_IRQHandler
                0x08002d24                CAN1_SCE_IRQHandler
                0x08002d24                FLASH_IRQHandler
                0x08002d24                USART1_IRQHandler
                0x08002d24                OTG_FS_IRQHandler
                0x08002d24                SPI3_IRQHandler
                0x08002d24                I2C1_ER_IRQHandler
                0x08002d24                FMC_IRQHandler
                0x08002d24                SWPMI1_IRQHandler
                0x08002d24                LPTIM1_IRQHandler
                0x08002d24                SAI1_IRQHandler
                0x08002d24                DMA2_Channel3_IRQHandler
                0x08002d24                TIM1_BRK_TIM15_IRQHandler
 .text.memset   0x08002d26       0x10 c:/Users/sammy/AppData/Roaming/Code/User/globalStorage/bmd.stm32-for-vscode/@xpack-dev-tools/arm-none-eabi-gcc/14.2.1-1.1.1/.content/bin/../lib/gcc/arm-none-eabi/14.2.1/../../../../arm-none-eabi/lib/thumb/v7e-m+fp/hard\libc_nano.a(libc_a-memset.o)
                0x08002d26                memset
 *fill*         0x08002d36        0x2 
 .text.__libc_init_array
                0x08002d38       0x48 c:/Users/sammy/AppData/Roaming/Code/User/globalStorage/bmd.stm32-for-vscode/@xpack-dev-tools/arm-none-eabi-gcc/14.2.1-1.1.1/.content/bin/../lib/gcc/arm-none-eabi/14.2.1/../../../../arm-none-eabi/lib/thumb/v7e-m+fp/hard\libc_nano.a(libc_a-init.o)
                0x08002d38                __libc_init_array
 .text.__udivmoddi4
                0x08002d80      0x2f8 c:/Users/sammy/AppData/Roaming/Code/User/globalStorage/bmd.stm32-for-vscode/@xpack-dev-tools/arm-none-eabi-gcc/14.2.1-1.1.1/.content/bin/../lib/gcc/arm-none-eabi/14.2.1/thumb/v7e-m+fp/hard\libgcc.a(_udivmoddi4.o)
                0x08002d80                __udivmoddi4
 *(.glue_7)
 .glue_7        0x08003078        0x0 linker stubs
 *(.glue_7t)
 .glue_7t       0x08003078        0x0 linker stubs
 *(.eh_frame)
 .eh_frame      0x08003078        0x0 c:/Users/sammy/AppData/Roaming/Code/User/globalStorage/bmd.stm32-for-vscode/@xpack-dev-tools/arm-none-eabi-gcc/14.2.1-1.1.1/.content/bin/../lib/gcc/arm-none-eabi/14.2.1/thumb/v7e-m+fp/hard/crtbegin.o
 *(.init)
 .init          0x08003078        0x4 c:/Users/sammy/AppData/Roaming/Code/User/globalStorage/bmd.stm32-for-vscode/@xpack-dev-tools/arm-none-eabi-gcc/14.2.1-1.1.1/.content/bin/../lib/gcc/arm-none-eabi/14.2.1/thumb/v7e-m+fp/hard/crti.o
                0x08003078                _init
 .init          0x0800307c        0x8 c:/Users/sammy/AppData/Roaming/Code/User/globalStorage/bmd.stm32-for-vscode/@xpack-dev-tools/arm-none-eabi-gcc/14.2.1-1.1.1/.content/bin/../lib/gcc/arm-none-eabi/14.2.1/thumb/v7e-m+fp/hard/crtn.o
 *(.fini)
 .fini          0x08003084        0x4 c:/Users/sammy/AppData/Roaming/Code/User/globalStorage/bmd.stm32-for-vscode/@xpack-dev-tools/arm-none-eabi-gcc/14.2.1-1.1.1/.content/bin/../lib/gcc/arm-none-eabi/14.2.1/thumb/v7e-m+fp/hard/crti.o
                0x08003084                _fini
 .fini          0x08003088        0x8 c:/Users/sammy/AppData/Roaming/Code/User/globalStorage/bmd.stm32-for-vscode/@xpack-dev-tools/arm-none-eabi-gcc/14.2.1-1.1.1/.content/bin/../lib/gcc/arm-none-eabi/14.2.1/thumb/v7e-m+fp/hard/crtn.o
                0x08003090                        . = ALIGN (0x8)
                0x08003090                        _etext = .

.vfp11_veneer   0x08003090        0x0
 .vfp11_veneer  0x08003090        0x0 linker stubs

.v4_bx          0x08003090        0x0
 .v4_bx         0x08003090        0x0 linker stubs

.iplt           0x08003090        0x0
 .iplt          0x08003090        0x0 c:/Users/sammy/AppData/Roaming/Code/User/globalStorage/bmd.stm32-for-vscode/@xpack-dev-tools/arm-none-eabi-gcc/14.2.1-1.1.1/.content/bin/../lib/gcc/arm-none-eabi/14.2.1/thumb/v7e-m+fp/hard/crtbegin.o

.rodata         0x08003090       0x48
                0x08003090                        . = ALIGN (0x8)
 *(.rodata)
 *(.rodata*)
 .rodata.MSIRangeTable
                0x08003090       0x30 build/debug/system_stm32l4xx.o
                0x08003090                MSIRangeTable
 .rodata.APBPrescTable
                0x080030c0        0x8 build/debug/system_stm32l4xx.o
                0x080030c0                APBPrescTable
 .rodata.AHBPrescTable
                0x080030c8       0x10 build/debug/system_stm32l4xx.o
                0x080030c8                AHBPrescTable
                0x080030d8                        . = ALIGN (0x8)

.ARM.extab      0x080030d8        0x0
                0x080030d8                        . = ALIGN (0x8)
 *(.ARM.extab* .gnu.linkonce.armextab.*)
                0x080030d8                        . = ALIGN (0x8)

.ARM            0x080030d8        0x8
                0x080030d8                        . = ALIGN (0x8)
                0x080030d8                        __exidx_start = .
 *(.ARM.exidx*)
 .ARM.exidx.text.__udivmoddi4
                0x080030d8        0x8 c:/Users/sammy/AppData/Roaming/Code/User/globalStorage/bmd.stm32-for-vscode/@xpack-dev-tools/arm-none-eabi-gcc/14.2.1-1.1.1/.content/bin/../lib/gcc/arm-none-eabi/14.2.1/thumb/v7e-m+fp/hard\libgcc.a(_udivmoddi4.o)
                0x080030e0                        __exidx_end = .
                0x080030e0                        . = ALIGN (0x8)

.preinit_array  0x080030e0        0x0
                0x080030e0                        . = ALIGN (0x8)
                0x080030e0                        PROVIDE (__preinit_array_start = .)
 *(.preinit_array*)
                0x080030e0                        PROVIDE (__preinit_array_end = .)
                0x080030e0                        . = ALIGN (0x8)

.init_array     0x080030e0        0x8
                0x080030e0                        . = ALIGN (0x8)
                0x080030e0                        PROVIDE (__init_array_start = .)
 *(SORT_BY_NAME(.init_array.*))
 *(.init_array*)
 .init_array    0x080030e0        0x4 c:/Users/sammy/AppData/Roaming/Code/User/globalStorage/bmd.stm32-for-vscode/@xpack-dev-tools/arm-none-eabi-gcc/14.2.1-1.1.1/.content/bin/../lib/gcc/arm-none-eabi/14.2.1/thumb/v7e-m+fp/hard/crtbegin.o
                0x080030e4                        PROVIDE (__init_array_end = .)
                0x080030e8                        . = ALIGN (0x8)
 *fill*         0x080030e4        0x4 

.fini_array     0x080030e8        0x8
                0x080030e8                        . = ALIGN (0x8)
                0x080030e8                        PROVIDE (__fini_array_start = .)
 *(SORT_BY_NAME(.fini_array.*))
 *(.fini_array*)
 .fini_array    0x080030e8        0x4 c:/Users/sammy/AppData/Roaming/Code/User/globalStorage/bmd.stm32-for-vscode/@xpack-dev-tools/arm-none-eabi-gcc/14.2.1-1.1.1/.content/bin/../lib/gcc/arm-none-eabi/14.2.1/thumb/v7e-m+fp/hard/crtbegin.o
                0x080030ec                        PROVIDE (__fini_array_end = .)
                0x080030f0                        . = ALIGN (0x8)
 *fill*         0x080030ec        0x4 
                0x080030f0                        _sidata = LOADADDR (.data)

.rel.dyn        0x080030f0        0x0
 .rel.iplt      0x080030f0        0x0 c:/Users/sammy/AppData/Roaming/Code/User/globalStorage/bmd.stm32-for-vscode/@xpack-dev-tools/arm-none-eabi-gcc/14.2.1-1.1.1/.content/bin/../lib/gcc/arm-none-eabi/14.2.1/thumb/v7e-m+fp/hard/crtbegin.o

.data           0x20000000       0x10 load address 0x080030f0
                0x20000000                        . = ALIGN (0x8)
                0x20000000                        _sdata = .
 *(.data)
 *(.data*)
 .data.uwTickFreq
                0x20000000        0x1 build/debug/stm32l4xx_hal.o
                0x20000000                uwTickFreq
 *fill*         0x20000001        0x3 
 .data.uwTickPrio
                0x20000004        0x4 build/debug/stm32l4xx_hal.o
                0x20000004                uwTickPrio
 .data.SystemCoreClock
                0x20000008        0x4 build/debug/system_stm32l4xx.o
                0x20000008                SystemCoreClock
 *(.RamFunc)
 *(.RamFunc*)
                0x20000010                        . = ALIGN (0x8)
 *fill*         0x2000000c        0x4 
                0x20000010                        _edata = .

.igot.plt       0x20000010        0x0 load address 0x08003100
 .igot.plt      0x20000010        0x0 c:/Users/sammy/AppData/Roaming/Code/User/globalStorage/bmd.stm32-for-vscode/@xpack-dev-tools/arm-none-eabi-gcc/14.2.1-1.1.1/.content/bin/../lib/gcc/arm-none-eabi/14.2.1/thumb/v7e-m+fp/hard/crtbegin.o
                0x20000010                        . = ALIGN (0x4)

.bss            0x20000010     0x21f8 load address 0x08003100
                0x20000010                        _sbss = .
                0x20000010                        __bss_start__ = _sbss
 *(.bss)
 *(.bss*)
 .bss.completed.1
                0x20000010        0x1 c:/Users/sammy/AppData/Roaming/Code/User/globalStorage/bmd.stm32-for-vscode/@xpack-dev-tools/arm-none-eabi-gcc/14.2.1-1.1.1/.content/bin/../lib/gcc/arm-none-eabi/14.2.1/thumb/v7e-m+fp/hard/crtbegin.o
 *fill*         0x20000011        0x3 
 .bss.object.0  0x20000014       0x18 c:/Users/sammy/AppData/Roaming/Code/User/globalStorage/bmd.stm32-for-vscode/@xpack-dev-tools/arm-none-eabi-gcc/14.2.1-1.1.1/.content/bin/../lib/gcc/arm-none-eabi/14.2.1/thumb/v7e-m+fp/hard/crtbegin.o
 .bss.RecBuff   0x2000002c     0x2000 build/debug/main.o
                0x2000002c                RecBuff
 .bss.DmaRecBuffCplt
                0x2000202c        0x4 build/debug/main.o
                0x2000202c                DmaRecBuffCplt
 .bss.DmaRecHalfBuffCplt
                0x20002030        0x4 build/debug/main.o
                0x20002030                DmaRecHalfBuffCplt
 .bss.hdma_usart3_tx
                0x20002034       0x48 build/debug/main.o
                0x20002034                hdma_usart3_tx
 .bss.huart3    0x2000207c       0x88 build/debug/main.o
                0x2000207c                huart3
 .bss.hdma_dfsdm1_flt0
                0x20002104       0x48 build/debug/main.o
                0x20002104                hdma_dfsdm1_flt0
 .bss.hdfsdm1_channel2
                0x2000214c       0x38 build/debug/main.o
                0x2000214c                hdfsdm1_channel2
 .bss.hdfsdm1_filter0
                0x20002184       0x54 build/debug/main.o
                0x20002184                hdfsdm1_filter0
 .bss.uwTick    0x200021d8        0x4 build/debug/stm32l4xx_hal.o
                0x200021d8                uwTick
 .bss.a_dfsdm1ChannelHandle
                0x200021dc       0x20 build/debug/stm32l4xx_hal_dfsdm.o
 .bss.v_dfsdm1ChannelCounter
                0x200021fc        0x4 build/debug/stm32l4xx_hal_dfsdm.o
 .bss.DFSDM1_Init
                0x20002200        0x4 build/debug/stm32l4xx_hal_msp.o
 .bss.HAL_RCC_DFSDM1_CLK_ENABLED
                0x20002204        0x4 build/debug/stm32l4xx_hal_msp.o
 *(COMMON)
                0x20002208                        . = ALIGN (0x4)
                0x20002208                        _ebss = .
                0x20002208                        __bss_end__ = _ebss

._user_heap_stack
                0x20002208      0x600 load address 0x08003100
                0x20002208                        . = ALIGN (0x8)
                [!provide]                        PROVIDE (end = .)
                0x20002208                        PROVIDE (_end = .)
                0x20002408                        . = (. + _Min_Heap_Size)
 *fill*         0x20002208      0x200 
                0x20002808                        . = (. + _Min_Stack_Size)
 *fill*         0x20002408      0x400 
                0x20002808                        . = ALIGN (0x8)

/DISCARD/
 libc.a(*)
 libm.a(*)
 libgcc.a(*)
OUTPUT(build/debug/assistive-listening.elf elf32-littlearm)
LOAD linker stubs
LOAD c:/Users/sammy/AppData/Roaming/Code/User/globalStorage/bmd.stm32-for-vscode/@xpack-dev-tools/arm-none-eabi-gcc/14.2.1-1.1.1/.content/bin/../lib/gcc/arm-none-eabi/14.2.1/../../../../arm-none-eabi/lib/thumb/v7e-m+fp/hard\libc.a
LOAD c:/Users/sammy/AppData/Roaming/Code/User/globalStorage/bmd.stm32-for-vscode/@xpack-dev-tools/arm-none-eabi-gcc/14.2.1-1.1.1/.content/bin/../lib/gcc/arm-none-eabi/14.2.1/../../../../arm-none-eabi/lib/thumb/v7e-m+fp/hard\libm.a
LOAD c:/Users/sammy/AppData/Roaming/Code/User/globalStorage/bmd.stm32-for-vscode/@xpack-dev-tools/arm-none-eabi-gcc/14.2.1-1.1.1/.content/bin/../lib/gcc/arm-none-eabi/14.2.1/thumb/v7e-m+fp/hard\libgcc.a

.ARM.attributes
                0x00000000       0x30
 .ARM.attributes
                0x00000000       0x22 c:/Users/sammy/AppData/Roaming/Code/User/globalStorage/bmd.stm32-for-vscode/@xpack-dev-tools/arm-none-eabi-gcc/14.2.1-1.1.1/.content/bin/../lib/gcc/arm-none-eabi/14.2.1/thumb/v7e-m+fp/hard/crti.o
 .ARM.attributes
                0x00000022       0x34 c:/Users/sammy/AppData/Roaming/Code/User/globalStorage/bmd.stm32-for-vscode/@xpack-dev-tools/arm-none-eabi-gcc/14.2.1-1.1.1/.content/bin/../lib/gcc/arm-none-eabi/14.2.1/thumb/v7e-m+fp/hard/crtbegin.o
 .ARM.attributes
                0x00000056       0x34 build/debug/main.o
 .ARM.attributes
                0x0000008a       0x34 build/debug/stm32l4xx_hal.o
 .ARM.attributes
                0x000000be       0x34 build/debug/stm32l4xx_hal_cortex.o
 .ARM.attributes
                0x000000f2       0x34 build/debug/stm32l4xx_hal_dfsdm.o
 .ARM.attributes
                0x00000126       0x34 build/debug/stm32l4xx_hal_dma.o
 .ARM.attributes
                0x0000015a       0x34 build/debug/stm32l4xx_hal_gpio.o
 .ARM.attributes
                0x0000018e       0x34 build/debug/stm32l4xx_hal_msp.o
 .ARM.attributes
                0x000001c2       0x34 build/debug/stm32l4xx_hal_pwr_ex.o
 .ARM.attributes
                0x000001f6       0x34 build/debug/stm32l4xx_hal_rcc.o
 .ARM.attributes
                0x0000022a       0x34 build/debug/stm32l4xx_hal_rcc_ex.o
 .ARM.attributes
                0x0000025e       0x34 build/debug/stm32l4xx_hal_uart.o
 .ARM.attributes
                0x00000292       0x34 build/debug/stm32l4xx_hal_uart_ex.o
 .ARM.attributes
                0x000002c6       0x34 build/debug/stm32l4xx_it.o
 .ARM.attributes
                0x000002fa       0x34 build/debug/system_stm32l4xx.o
 .ARM.attributes
                0x0000032e       0x21 build/debug/startup_stm32l475xx.o
 .ARM.attributes
                0x0000034f       0x34 c:/Users/sammy/AppData/Roaming/Code/User/globalStorage/bmd.stm32-for-vscode/@xpack-dev-tools/arm-none-eabi-gcc/14.2.1-1.1.1/.content/bin/../lib/gcc/arm-none-eabi/14.2.1/../../../../arm-none-eabi/lib/thumb/v7e-m+fp/hard\libc_nano.a(libc_a-memset.o)
 .ARM.attributes
                0x00000383       0x34 c:/Users/sammy/AppData/Roaming/Code/User/globalStorage/bmd.stm32-for-vscode/@xpack-dev-tools/arm-none-eabi-gcc/14.2.1-1.1.1/.content/bin/../lib/gcc/arm-none-eabi/14.2.1/../../../../arm-none-eabi/lib/thumb/v7e-m+fp/hard\libc_nano.a(libc_a-init.o)
 .ARM.attributes
                0x000003b7       0x22 c:/Users/sammy/AppData/Roaming/Code/User/globalStorage/bmd.stm32-for-vscode/@xpack-dev-tools/arm-none-eabi-gcc/14.2.1-1.1.1/.content/bin/../lib/gcc/arm-none-eabi/14.2.1/thumb/v7e-m+fp/hard\libgcc.a(_aeabi_uldivmod.o)
 .ARM.attributes
                0x000003d9       0x34 c:/Users/sammy/AppData/Roaming/Code/User/globalStorage/bmd.stm32-for-vscode/@xpack-dev-tools/arm-none-eabi-gcc/14.2.1-1.1.1/.content/bin/../lib/gcc/arm-none-eabi/14.2.1/thumb/v7e-m+fp/hard\libgcc.a(_udivmoddi4.o)
 .ARM.attributes
                0x0000040d       0x22 c:/Users/sammy/AppData/Roaming/Code/User/globalStorage/bmd.stm32-for-vscode/@xpack-dev-tools/arm-none-eabi-gcc/14.2.1-1.1.1/.content/bin/../lib/gcc/arm-none-eabi/14.2.1/thumb/v7e-m+fp/hard\libgcc.a(_dvmd_tls.o)
 .ARM.attributes
                0x0000042f       0x22 c:/Users/sammy/AppData/Roaming/Code/User/globalStorage/bmd.stm32-for-vscode/@xpack-dev-tools/arm-none-eabi-gcc/14.2.1-1.1.1/.content/bin/../lib/gcc/arm-none-eabi/14.2.1/thumb/v7e-m+fp/hard/crtn.o

.comment        0x00000000       0x39
 .comment       0x00000000       0x39 c:/Users/sammy/AppData/Roaming/Code/User/globalStorage/bmd.stm32-for-vscode/@xpack-dev-tools/arm-none-eabi-gcc/14.2.1-1.1.1/.content/bin/../lib/gcc/arm-none-eabi/14.2.1/thumb/v7e-m+fp/hard/crtbegin.o
                                 0x3a (size before relaxing)
 .comment       0x00000039       0x3a build/debug/main.o
 .comment       0x00000039       0x3a build/debug/stm32l4xx_hal.o
 .comment       0x00000039       0x3a build/debug/stm32l4xx_hal_cortex.o
 .comment       0x00000039       0x3a build/debug/stm32l4xx_hal_dfsdm.o
 .comment       0x00000039       0x3a build/debug/stm32l4xx_hal_dma.o
 .comment       0x00000039       0x3a build/debug/stm32l4xx_hal_gpio.o
 .comment       0x00000039       0x3a build/debug/stm32l4xx_hal_msp.o
 .comment       0x00000039       0x3a build/debug/stm32l4xx_hal_pwr_ex.o
 .comment       0x00000039       0x3a build/debug/stm32l4xx_hal_rcc.o
 .comment       0x00000039       0x3a build/debug/stm32l4xx_hal_rcc_ex.o
 .comment       0x00000039       0x3a build/debug/stm32l4xx_hal_uart.o
 .comment       0x00000039       0x3a build/debug/stm32l4xx_hal_uart_ex.o
 .comment       0x00000039       0x3a build/debug/stm32l4xx_it.o
 .comment       0x00000039       0x3a build/debug/system_stm32l4xx.o
 .comment       0x00000039       0x3a c:/Users/sammy/AppData/Roaming/Code/User/globalStorage/bmd.stm32-for-vscode/@xpack-dev-tools/arm-none-eabi-gcc/14.2.1-1.1.1/.content/bin/../lib/gcc/arm-none-eabi/14.2.1/../../../../arm-none-eabi/lib/thumb/v7e-m+fp/hard\libc_nano.a(libc_a-memset.o)
 .comment       0x00000039       0x3a c:/Users/sammy/AppData/Roaming/Code/User/globalStorage/bmd.stm32-for-vscode/@xpack-dev-tools/arm-none-eabi-gcc/14.2.1-1.1.1/.content/bin/../lib/gcc/arm-none-eabi/14.2.1/../../../../arm-none-eabi/lib/thumb/v7e-m+fp/hard\libc_nano.a(libc_a-init.o)
 .comment       0x00000039       0x3a c:/Users/sammy/AppData/Roaming/Code/User/globalStorage/bmd.stm32-for-vscode/@xpack-dev-tools/arm-none-eabi-gcc/14.2.1-1.1.1/.content/bin/../lib/gcc/arm-none-eabi/14.2.1/thumb/v7e-m+fp/hard\libgcc.a(_udivmoddi4.o)

.debug_info     0x00000000    0x12074
 .debug_info    0x00000000     0x191b build/debug/main.o
 .debug_info    0x0000191b      0xbe6 build/debug/stm32l4xx_hal.o
 .debug_info    0x00002501     0x1012 build/debug/stm32l4xx_hal_cortex.o
 .debug_info    0x00003513     0x2101 build/debug/stm32l4xx_hal_dfsdm.o
 .debug_info    0x00005614      0x838 build/debug/stm32l4xx_hal_dma.o
 .debug_info    0x00005e4c      0x7cf build/debug/stm32l4xx_hal_gpio.o
 .debug_info    0x0000661b     0x187c build/debug/stm32l4xx_hal_msp.o
 .debug_info    0x00007e97      0xa56 build/debug/stm32l4xx_hal_pwr_ex.o
 .debug_info    0x000088ed      0xeb8 build/debug/stm32l4xx_hal_rcc.o
 .debug_info    0x000097a5     0x1231 build/debug/stm32l4xx_hal_rcc_ex.o
 .debug_info    0x0000a9d6     0x512d build/debug/stm32l4xx_hal_uart.o
 .debug_info    0x0000fb03     0x1053 build/debug/stm32l4xx_hal_uart_ex.o
 .debug_info    0x00010b56      0x797 build/debug/stm32l4xx_it.o
 .debug_info    0x000112ed      0x5f4 build/debug/system_stm32l4xx.o
 .debug_info    0x000118e1       0x30 build/debug/startup_stm32l475xx.o
 .debug_info    0x00011911       0x24 c:/Users/sammy/AppData/Roaming/Code/User/globalStorage/bmd.stm32-for-vscode/@xpack-dev-tools/arm-none-eabi-gcc/14.2.1-1.1.1/.content/bin/../lib/gcc/arm-none-eabi/14.2.1/thumb/v7e-m+fp/hard\libgcc.a(_aeabi_uldivmod.o)
 .debug_info    0x00011935      0x703 c:/Users/sammy/AppData/Roaming/Code/User/globalStorage/bmd.stm32-for-vscode/@xpack-dev-tools/arm-none-eabi-gcc/14.2.1-1.1.1/.content/bin/../lib/gcc/arm-none-eabi/14.2.1/thumb/v7e-m+fp/hard\libgcc.a(_udivmoddi4.o)
 .debug_info    0x00012038       0x3c c:/Users/sammy/AppData/Roaming/Code/User/globalStorage/bmd.stm32-for-vscode/@xpack-dev-tools/arm-none-eabi-gcc/14.2.1-1.1.1/.content/bin/../lib/gcc/arm-none-eabi/14.2.1/thumb/v7e-m+fp/hard\libgcc.a(_dvmd_tls.o)

.debug_abbrev   0x00000000     0x2481
 .debug_abbrev  0x00000000      0x2c5 build/debug/main.o
 .debug_abbrev  0x000002c5      0x278 build/debug/stm32l4xx_hal.o
 .debug_abbrev  0x0000053d      0x3a1 build/debug/stm32l4xx_hal_cortex.o
 .debug_abbrev  0x000008de      0x28a build/debug/stm32l4xx_hal_dfsdm.o
 .debug_abbrev  0x00000b68      0x222 build/debug/stm32l4xx_hal_dma.o
 .debug_abbrev  0x00000d8a      0x211 build/debug/stm32l4xx_hal_gpio.o
 .debug_abbrev  0x00000f9b      0x262 build/debug/stm32l4xx_hal_msp.o
 .debug_abbrev  0x000011fd      0x226 build/debug/stm32l4xx_hal_pwr_ex.o
 .debug_abbrev  0x00001423      0x2bc build/debug/stm32l4xx_hal_rcc.o
 .debug_abbrev  0x000016df      0x2bc build/debug/stm32l4xx_hal_rcc_ex.o
 .debug_abbrev  0x0000199b      0x324 build/debug/stm32l4xx_hal_uart.o
 .debug_abbrev  0x00001cbf      0x32b build/debug/stm32l4xx_hal_uart_ex.o
 .debug_abbrev  0x00001fea      0x1a0 build/debug/stm32l4xx_it.o
 .debug_abbrev  0x0000218a      0x12f build/debug/system_stm32l4xx.o
 .debug_abbrev  0x000022b9       0x24 build/debug/startup_stm32l475xx.o
 .debug_abbrev  0x000022dd       0x14 c:/Users/sammy/AppData/Roaming/Code/User/globalStorage/bmd.stm32-for-vscode/@xpack-dev-tools/arm-none-eabi-gcc/14.2.1-1.1.1/.content/bin/../lib/gcc/arm-none-eabi/14.2.1/thumb/v7e-m+fp/hard\libgcc.a(_aeabi_uldivmod.o)
 .debug_abbrev  0x000022f1      0x16a c:/Users/sammy/AppData/Roaming/Code/User/globalStorage/bmd.stm32-for-vscode/@xpack-dev-tools/arm-none-eabi-gcc/14.2.1-1.1.1/.content/bin/../lib/gcc/arm-none-eabi/14.2.1/thumb/v7e-m+fp/hard\libgcc.a(_udivmoddi4.o)
 .debug_abbrev  0x0000245b       0x26 c:/Users/sammy/AppData/Roaming/Code/User/globalStorage/bmd.stm32-for-vscode/@xpack-dev-tools/arm-none-eabi-gcc/14.2.1-1.1.1/.content/bin/../lib/gcc/arm-none-eabi/14.2.1/thumb/v7e-m+fp/hard\libgcc.a(_dvmd_tls.o)

.debug_aranges  0x00000000      0xc60
 .debug_aranges
                0x00000000       0x60 build/debug/main.o
 .debug_aranges
                0x00000060      0x130 build/debug/stm32l4xx_hal.o
 .debug_aranges
                0x00000190       0xf0 build/debug/stm32l4xx_hal_cortex.o
 .debug_aranges
                0x00000280      0x248 build/debug/stm32l4xx_hal_dfsdm.o
 .debug_aranges
                0x000004c8       0x80 build/debug/stm32l4xx_hal_dma.o
 .debug_aranges
                0x00000548       0x58 build/debug/stm32l4xx_hal_gpio.o
 .debug_aranges
                0x000005a0       0x50 build/debug/stm32l4xx_hal_msp.o
 .debug_aranges
                0x000005f0      0x150 build/debug/stm32l4xx_hal_pwr_ex.o
 .debug_aranges
                0x00000740       0x90 build/debug/stm32l4xx_hal_rcc.o
 .debug_aranges
                0x000007d0       0xc0 build/debug/stm32l4xx_hal_rcc_ex.o
 .debug_aranges
                0x00000890      0x228 build/debug/stm32l4xx_hal_uart.o
 .debug_aranges
                0x00000ab8       0x80 build/debug/stm32l4xx_hal_uart_ex.o
 .debug_aranges
                0x00000b38       0x78 build/debug/stm32l4xx_it.o
 .debug_aranges
                0x00000bb0       0x28 build/debug/system_stm32l4xx.o
 .debug_aranges
                0x00000bd8       0x28 build/debug/startup_stm32l475xx.o
 .debug_aranges
                0x00000c00       0x20 c:/Users/sammy/AppData/Roaming/Code/User/globalStorage/bmd.stm32-for-vscode/@xpack-dev-tools/arm-none-eabi-gcc/14.2.1-1.1.1/.content/bin/../lib/gcc/arm-none-eabi/14.2.1/thumb/v7e-m+fp/hard\libgcc.a(_aeabi_uldivmod.o)
 .debug_aranges
                0x00000c20       0x20 c:/Users/sammy/AppData/Roaming/Code/User/globalStorage/bmd.stm32-for-vscode/@xpack-dev-tools/arm-none-eabi-gcc/14.2.1-1.1.1/.content/bin/../lib/gcc/arm-none-eabi/14.2.1/thumb/v7e-m+fp/hard\libgcc.a(_udivmoddi4.o)
 .debug_aranges
                0x00000c40       0x20 c:/Users/sammy/AppData/Roaming/Code/User/globalStorage/bmd.stm32-for-vscode/@xpack-dev-tools/arm-none-eabi-gcc/14.2.1-1.1.1/.content/bin/../lib/gcc/arm-none-eabi/14.2.1/thumb/v7e-m+fp/hard\libgcc.a(_dvmd_tls.o)

.debug_rnglists
                0x00000000      0x9d5
 .debug_rnglists
                0x00000000       0x44 build/debug/main.o
 .debug_rnglists
                0x00000044       0xdf build/debug/stm32l4xx_hal.o
 .debug_rnglists
                0x00000123       0xaf build/debug/stm32l4xx_hal_cortex.o
 .debug_rnglists
                0x000001d2      0x1cc build/debug/stm32l4xx_hal_dfsdm.o
 .debug_rnglists
                0x0000039e       0x5f build/debug/stm32l4xx_hal_dma.o
 .debug_rnglists
                0x000003fd       0x3f build/debug/stm32l4xx_hal_gpio.o
 .debug_rnglists
                0x0000043c       0x3a build/debug/stm32l4xx_hal_msp.o
 .debug_rnglists
                0x00000476       0xfd build/debug/stm32l4xx_hal_pwr_ex.o
 .debug_rnglists
                0x00000573       0x7c build/debug/stm32l4xx_hal_rcc.o
 .debug_rnglists
                0x000005ef       0xa3 build/debug/stm32l4xx_hal_rcc_ex.o
 .debug_rnglists
                0x00000692      0x1ba build/debug/stm32l4xx_hal_uart.o
 .debug_rnglists
                0x0000084c       0x68 build/debug/stm32l4xx_hal_uart_ex.o
 .debug_rnglists
                0x000008b4       0x55 build/debug/stm32l4xx_it.o
 .debug_rnglists
                0x00000909       0x1a build/debug/system_stm32l4xx.o
 .debug_rnglists
                0x00000923       0x19 build/debug/startup_stm32l475xx.o
 .debug_rnglists
                0x0000093c       0x99 c:/Users/sammy/AppData/Roaming/Code/User/globalStorage/bmd.stm32-for-vscode/@xpack-dev-tools/arm-none-eabi-gcc/14.2.1-1.1.1/.content/bin/../lib/gcc/arm-none-eabi/14.2.1/thumb/v7e-m+fp/hard\libgcc.a(_udivmoddi4.o)

.debug_line     0x00000000     0xdc49
 .debug_line    0x00000000      0x6a2 build/debug/main.o
 .debug_line    0x000006a2      0x75e build/debug/stm32l4xx_hal.o
 .debug_line    0x00000e00      0x8bd build/debug/stm32l4xx_hal_cortex.o
 .debug_line    0x000016bd     0x210e build/debug/stm32l4xx_hal_dfsdm.o
 .debug_line    0x000037cb      0xaa4 build/debug/stm32l4xx_hal_dma.o
 .debug_line    0x0000426f      0x7bf build/debug/stm32l4xx_hal_gpio.o
 .debug_line    0x00004a2e      0x66c build/debug/stm32l4xx_hal_msp.o
 .debug_line    0x0000509a      0xb18 build/debug/stm32l4xx_hal_pwr_ex.o
 .debug_line    0x00005bb2     0x106f build/debug/stm32l4xx_hal_rcc.o
 .debug_line    0x00006c21     0x1672 build/debug/stm32l4xx_hal_rcc_ex.o
 .debug_line    0x00008293     0x4136 build/debug/stm32l4xx_hal_uart.o
 .debug_line    0x0000c3c9      0xa5d build/debug/stm32l4xx_hal_uart_ex.o
 .debug_line    0x0000ce26      0x382 build/debug/stm32l4xx_it.o
 .debug_line    0x0000d1a8      0x36e build/debug/system_stm32l4xx.o
 .debug_line    0x0000d516       0x76 build/debug/startup_stm32l475xx.o
 .debug_line    0x0000d58c       0x4e c:/Users/sammy/AppData/Roaming/Code/User/globalStorage/bmd.stm32-for-vscode/@xpack-dev-tools/arm-none-eabi-gcc/14.2.1-1.1.1/.content/bin/../lib/gcc/arm-none-eabi/14.2.1/thumb/v7e-m+fp/hard\libgcc.a(_aeabi_uldivmod.o)
 .debug_line    0x0000d5da      0x625 c:/Users/sammy/AppData/Roaming/Code/User/globalStorage/bmd.stm32-for-vscode/@xpack-dev-tools/arm-none-eabi-gcc/14.2.1-1.1.1/.content/bin/../lib/gcc/arm-none-eabi/14.2.1/thumb/v7e-m+fp/hard\libgcc.a(_udivmoddi4.o)
 .debug_line    0x0000dbff       0x4a c:/Users/sammy/AppData/Roaming/Code/User/globalStorage/bmd.stm32-for-vscode/@xpack-dev-tools/arm-none-eabi-gcc/14.2.1-1.1.1/.content/bin/../lib/gcc/arm-none-eabi/14.2.1/thumb/v7e-m+fp/hard\libgcc.a(_dvmd_tls.o)

.debug_str      0x00000000     0x4a3e
 .debug_str     0x00000000     0x4a3e build/debug/main.o
                               0x15bd (size before relaxing)
 .debug_str     0x00004a3e      0xd09 build/debug/stm32l4xx_hal.o
 .debug_str     0x00004a3e      0xc51 build/debug/stm32l4xx_hal_cortex.o
 .debug_str     0x00004a3e     0x1279 build/debug/stm32l4xx_hal_dfsdm.o
 .debug_str     0x00004a3e      0x65d build/debug/stm32l4xx_hal_dma.o
 .debug_str     0x00004a3e      0x55a build/debug/stm32l4xx_hal_gpio.o
 .debug_str     0x00004a3e     0x161e build/debug/stm32l4xx_hal_msp.o
 .debug_str     0x00004a3e      0x81c build/debug/stm32l4xx_hal_pwr_ex.o
 .debug_str     0x00004a3e      0x8a4 build/debug/stm32l4xx_hal_rcc.o
 .debug_str     0x00004a3e      0xad5 build/debug/stm32l4xx_hal_rcc_ex.o
 .debug_str     0x00004a3e     0x101c build/debug/stm32l4xx_hal_uart.o
 .debug_str     0x00004a3e      0x93d build/debug/stm32l4xx_hal_uart_ex.o
 .debug_str     0x00004a3e      0x70b build/debug/stm32l4xx_it.o
 .debug_str     0x00004a3e      0x3e1 build/debug/system_stm32l4xx.o
 .debug_str     0x00004a3e       0x73 build/debug/startup_stm32l475xx.o
 .debug_str     0x00004a3e      0x13a c:/Users/sammy/AppData/Roaming/Code/User/globalStorage/bmd.stm32-for-vscode/@xpack-dev-tools/arm-none-eabi-gcc/14.2.1-1.1.1/.content/bin/../lib/gcc/arm-none-eabi/14.2.1/thumb/v7e-m+fp/hard\libgcc.a(_aeabi_uldivmod.o)
 .debug_str     0x00004a3e      0x753 c:/Users/sammy/AppData/Roaming/Code/User/globalStorage/bmd.stm32-for-vscode/@xpack-dev-tools/arm-none-eabi-gcc/14.2.1-1.1.1/.content/bin/../lib/gcc/arm-none-eabi/14.2.1/thumb/v7e-m+fp/hard\libgcc.a(_udivmoddi4.o)
 .debug_str     0x00004a3e      0x15a c:/Users/sammy/AppData/Roaming/Code/User/globalStorage/bmd.stm32-for-vscode/@xpack-dev-tools/arm-none-eabi-gcc/14.2.1-1.1.1/.content/bin/../lib/gcc/arm-none-eabi/14.2.1/thumb/v7e-m+fp/hard\libgcc.a(_dvmd_tls.o)

.debug_frame    0x00000000     0x1d98
 .debug_frame   0x00000000       0xf4 build/debug/main.o
 .debug_frame   0x000000f4      0x274 build/debug/stm32l4xx_hal.o
 .debug_frame   0x00000368      0x204 build/debug/stm32l4xx_hal_cortex.o
 .debug_frame   0x0000056c      0x620 build/debug/stm32l4xx_hal_dfsdm.o
 .debug_frame   0x00000b8c      0x150 build/debug/stm32l4xx_hal_dma.o
 .debug_frame   0x00000cdc       0xd0 build/debug/stm32l4xx_hal_gpio.o
 .debug_frame   0x00000dac       0xdc build/debug/stm32l4xx_hal_msp.o
 .debug_frame   0x00000e88      0x298 build/debug/stm32l4xx_hal_pwr_ex.o
 .debug_frame   0x00001120      0x19c build/debug/stm32l4xx_hal_rcc.o
 .debug_frame   0x000012bc      0x204 build/debug/stm32l4xx_hal_rcc_ex.o
 .debug_frame   0x000014c0      0x600 build/debug/stm32l4xx_hal_uart.o
 .debug_frame   0x00001ac0      0x158 build/debug/stm32l4xx_hal_uart_ex.o
 .debug_frame   0x00001c18       0xf0 build/debug/stm32l4xx_it.o
 .debug_frame   0x00001d08       0x30 build/debug/system_stm32l4xx.o
 .debug_frame   0x00001d38       0x2c c:/Users/sammy/AppData/Roaming/Code/User/globalStorage/bmd.stm32-for-vscode/@xpack-dev-tools/arm-none-eabi-gcc/14.2.1-1.1.1/.content/bin/../lib/gcc/arm-none-eabi/14.2.1/thumb/v7e-m+fp/hard\libgcc.a(_aeabi_uldivmod.o)
 .debug_frame   0x00001d64       0x34 c:/Users/sammy/AppData/Roaming/Code/User/globalStorage/bmd.stm32-for-vscode/@xpack-dev-tools/arm-none-eabi-gcc/14.2.1-1.1.1/.content/bin/../lib/gcc/arm-none-eabi/14.2.1/thumb/v7e-m+fp/hard\libgcc.a(_udivmoddi4.o)

.debug_loclists
                0x00000000     0x88ea
 .debug_loclists
                0x00000000      0x14d build/debug/stm32l4xx_hal.o
 .debug_loclists
                0x0000014d      0x54d build/debug/stm32l4xx_hal_cortex.o
 .debug_loclists
                0x0000069a     0x1693 build/debug/stm32l4xx_hal_dfsdm.o
 .debug_loclists
                0x00001d2d      0x581 build/debug/stm32l4xx_hal_dma.o
 .debug_loclists
                0x000022ae      0x2a1 build/debug/stm32l4xx_hal_gpio.o
 .debug_loclists
                0x0000254f       0xd0 build/debug/stm32l4xx_hal_msp.o
 .debug_loclists
                0x0000261f      0x70d build/debug/stm32l4xx_hal_pwr_ex.o
 .debug_loclists
                0x00002d2c      0x556 build/debug/stm32l4xx_hal_rcc.o
 .debug_loclists
                0x00003282     0x137f build/debug/stm32l4xx_hal_rcc_ex.o
 .debug_loclists
                0x00004601     0x2f39 build/debug/stm32l4xx_hal_uart.o
 .debug_loclists
                0x0000753a      0x7ed build/debug/stm32l4xx_hal_uart_ex.o
 .debug_loclists
                0x00007d27       0xae build/debug/system_stm32l4xx.o
 .debug_loclists
                0x00007dd5      0xb15 c:/Users/sammy/AppData/Roaming/Code/User/globalStorage/bmd.stm32-for-vscode/@xpack-dev-tools/arm-none-eabi-gcc/14.2.1-1.1.1/.content/bin/../lib/gcc/arm-none-eabi/14.2.1/thumb/v7e-m+fp/hard\libgcc.a(_udivmoddi4.o)

.debug_line_str
                0x00000000      0x18f
 .debug_line_str
                0x00000000      0x18f build/debug/startup_stm32l475xx.o
                                 0x57 (size before relaxing)
 .debug_line_str
                0x0000018f      0x12c c:/Users/sammy/AppData/Roaming/Code/User/globalStorage/bmd.stm32-for-vscode/@xpack-dev-tools/arm-none-eabi-gcc/14.2.1-1.1.1/.content/bin/../lib/gcc/arm-none-eabi/14.2.1/thumb/v7e-m+fp/hard\libgcc.a(_aeabi_uldivmod.o)
 .debug_line_str
                0x0000018f      0x130 c:/Users/sammy/AppData/Roaming/Code/User/globalStorage/bmd.stm32-for-vscode/@xpack-dev-tools/arm-none-eabi-gcc/14.2.1-1.1.1/.content/bin/../lib/gcc/arm-none-eabi/14.2.1/thumb/v7e-m+fp/hard\libgcc.a(_dvmd_tls.o)

Cross Reference Table

Symbol                                            File
ADC1_2_IRQHandler                                 build/debug/startup_stm32l475xx.o
ADC3_IRQHandler                                   build/debug/startup_stm32l475xx.o
AHBPrescTable                                     build/debug/system_stm32l4xx.o
                                                  build/debug/stm32l4xx_hal_rcc.o
APBPrescTable                                     build/debug/system_stm32l4xx.o
                                                  build/debug/stm32l4xx_hal_rcc.o
BusFault_Handler                                  build/debug/stm32l4xx_it.o
CAN1_RX0_IRQHandler                               build/debug/startup_stm32l475xx.o
CAN1_RX1_IRQHandler                               build/debug/startup_stm32l475xx.o
CAN1_SCE_IRQHandler                               build/debug/startup_stm32l475xx.o
CAN1_TX_IRQHandler                                build/debug/startup_stm32l475xx.o
COMP_IRQHandler                                   build/debug/startup_stm32l475xx.o
DFSDM1_FLT0_IRQHandler                            build/debug/startup_stm32l475xx.o
DFSDM1_FLT1_IRQHandler                            build/debug/startup_stm32l475xx.o
DFSDM1_FLT2_IRQHandler                            build/debug/startup_stm32l475xx.o
DFSDM1_FLT3_IRQHandler                            build/debug/startup_stm32l475xx.o
DMA1_Channel1_IRQHandler                          build/debug/startup_stm32l475xx.o
DMA1_Channel2_IRQHandler                          build/debug/stm32l4xx_it.o
DMA1_Channel3_IRQHandler                          build/debug/startup_stm32l475xx.o
DMA1_Channel4_IRQHandler                          build/debug/stm32l4xx_it.o
DMA1_Channel5_IRQHandler                          build/debug/startup_stm32l475xx.o
DMA1_Channel6_IRQHandler                          build/debug/startup_stm32l475xx.o
DMA1_Channel7_IRQHandler                          build/debug/startup_stm32l475xx.o
DMA2_Channel1_IRQHandler                          build/debug/startup_stm32l475xx.o
DMA2_Channel2_IRQHandler                          build/debug/startup_stm32l475xx.o
DMA2_Channel3_IRQHandler                          build/debug/startup_stm32l475xx.o
DMA2_Channel4_IRQHandler                          build/debug/startup_stm32l475xx.o
DMA2_Channel5_IRQHandler                          build/debug/startup_stm32l475xx.o
DMA2_Channel6_IRQHandler                          build/debug/startup_stm32l475xx.o
DMA2_Channel7_IRQHandler                          build/debug/startup_stm32l475xx.o
DebugMon_Handler                                  build/debug/stm32l4xx_it.o
Default_Handler                                   build/debug/startup_stm32l475xx.o
DmaRecBuffCplt                                    build/debug/main.o
DmaRecHalfBuffCplt                                build/debug/main.o
EXTI0_IRQHandler                                  build/debug/startup_stm32l475xx.o
EXTI15_10_IRQHandler                              build/debug/startup_stm32l475xx.o
EXTI1_IRQHandler                                  build/debug/startup_stm32l475xx.o
EXTI2_IRQHandler                                  build/debug/startup_stm32l475xx.o
EXTI3_IRQHandler                                  build/debug/startup_stm32l475xx.o
EXTI4_IRQHandler                                  build/debug/startup_stm32l475xx.o
EXTI9_5_IRQHandler                                build/debug/startup_stm32l475xx.o
Error_Handler                                     build/debug/main.o
                                                  build/debug/stm32l4xx_hal_msp.o
FLASH_FlushCaches                                 build/debug/stm32l4xx_hal_flash_ex.o
                                                  build/debug/stm32l4xx_hal_flash.o
FLASH_IRQHandler                                  build/debug/startup_stm32l475xx.o
FLASH_PageErase                                   build/debug/stm32l4xx_hal_flash_ex.o
                                                  build/debug/stm32l4xx_hal_flash.o
FLASH_WaitForLastOperation                        build/debug/stm32l4xx_hal_flash.o
                                                  build/debug/stm32l4xx_hal_flash_ex.o
FMC_IRQHandler                                    build/debug/startup_stm32l475xx.o
FPU_IRQHandler                                    build/debug/startup_stm32l475xx.o
HAL_DBGMCU_DisableDBGSleepMode                    build/debug/stm32l4xx_hal.o
HAL_DBGMCU_DisableDBGStandbyMode                  build/debug/stm32l4xx_hal.o
HAL_DBGMCU_DisableDBGStopMode                     build/debug/stm32l4xx_hal.o
HAL_DBGMCU_EnableDBGSleepMode                     build/debug/stm32l4xx_hal.o
HAL_DBGMCU_EnableDBGStandbyMode                   build/debug/stm32l4xx_hal.o
HAL_DBGMCU_EnableDBGStopMode                      build/debug/stm32l4xx_hal.o
HAL_DFSDM_ChannelCkabCallback                     build/debug/stm32l4xx_hal_dfsdm.o
HAL_DFSDM_ChannelCkabStart                        build/debug/stm32l4xx_hal_dfsdm.o
HAL_DFSDM_ChannelCkabStart_IT                     build/debug/stm32l4xx_hal_dfsdm.o
HAL_DFSDM_ChannelCkabStop                         build/debug/stm32l4xx_hal_dfsdm.o
HAL_DFSDM_ChannelCkabStop_IT                      build/debug/stm32l4xx_hal_dfsdm.o
HAL_DFSDM_ChannelDeInit                           build/debug/stm32l4xx_hal_dfsdm.o
HAL_DFSDM_ChannelGetAwdValue                      build/debug/stm32l4xx_hal_dfsdm.o
HAL_DFSDM_ChannelGetState                         build/debug/stm32l4xx_hal_dfsdm.o
HAL_DFSDM_ChannelInit                             build/debug/stm32l4xx_hal_dfsdm.o
                                                  build/debug/main.o
HAL_DFSDM_ChannelModifyOffset                     build/debug/stm32l4xx_hal_dfsdm.o
HAL_DFSDM_ChannelMspDeInit                        build/debug/stm32l4xx_hal_msp.o
                                                  build/debug/stm32l4xx_hal_dfsdm.o
HAL_DFSDM_ChannelMspInit                          build/debug/stm32l4xx_hal_msp.o
                                                  build/debug/stm32l4xx_hal_dfsdm.o
HAL_DFSDM_ChannelPollForCkab                      build/debug/stm32l4xx_hal_dfsdm.o
HAL_DFSDM_ChannelPollForScd                       build/debug/stm32l4xx_hal_dfsdm.o
HAL_DFSDM_ChannelScdCallback                      build/debug/stm32l4xx_hal_dfsdm.o
HAL_DFSDM_ChannelScdStart                         build/debug/stm32l4xx_hal_dfsdm.o
HAL_DFSDM_ChannelScdStart_IT                      build/debug/stm32l4xx_hal_dfsdm.o
HAL_DFSDM_ChannelScdStop                          build/debug/stm32l4xx_hal_dfsdm.o
HAL_DFSDM_ChannelScdStop_IT                       build/debug/stm32l4xx_hal_dfsdm.o
HAL_DFSDM_FilterAwdCallback                       build/debug/stm32l4xx_hal_dfsdm.o
HAL_DFSDM_FilterAwdStart_IT                       build/debug/stm32l4xx_hal_dfsdm.o
HAL_DFSDM_FilterAwdStop_IT                        build/debug/stm32l4xx_hal_dfsdm.o
HAL_DFSDM_FilterConfigInjChannel                  build/debug/stm32l4xx_hal_dfsdm.o
HAL_DFSDM_FilterConfigRegChannel                  build/debug/stm32l4xx_hal_dfsdm.o
                                                  build/debug/main.o
HAL_DFSDM_FilterDeInit                            build/debug/stm32l4xx_hal_dfsdm.o
HAL_DFSDM_FilterErrorCallback                     build/debug/stm32l4xx_hal_dfsdm.o
HAL_DFSDM_FilterExdStart                          build/debug/stm32l4xx_hal_dfsdm.o
HAL_DFSDM_FilterExdStop                           build/debug/stm32l4xx_hal_dfsdm.o
HAL_DFSDM_FilterGetConvTimeValue                  build/debug/stm32l4xx_hal_dfsdm.o
HAL_DFSDM_FilterGetError                          build/debug/stm32l4xx_hal_dfsdm.o
HAL_DFSDM_FilterGetExdMaxValue                    build/debug/stm32l4xx_hal_dfsdm.o
HAL_DFSDM_FilterGetExdMinValue                    build/debug/stm32l4xx_hal_dfsdm.o
HAL_DFSDM_FilterGetInjectedValue                  build/debug/stm32l4xx_hal_dfsdm.o
HAL_DFSDM_FilterGetRegularValue                   build/debug/stm32l4xx_hal_dfsdm.o
HAL_DFSDM_FilterGetState                          build/debug/stm32l4xx_hal_dfsdm.o
HAL_DFSDM_FilterInit                              build/debug/stm32l4xx_hal_dfsdm.o
                                                  build/debug/main.o
HAL_DFSDM_FilterInjConvCpltCallback               build/debug/stm32l4xx_hal_dfsdm.o
HAL_DFSDM_FilterInjConvHalfCpltCallback           build/debug/stm32l4xx_hal_dfsdm.o
HAL_DFSDM_FilterInjectedMsbStart_DMA              build/debug/stm32l4xx_hal_dfsdm.o
HAL_DFSDM_FilterInjectedStart                     build/debug/stm32l4xx_hal_dfsdm.o
HAL_DFSDM_FilterInjectedStart_DMA                 build/debug/stm32l4xx_hal_dfsdm.o
HAL_DFSDM_FilterInjectedStart_IT                  build/debug/stm32l4xx_hal_dfsdm.o
HAL_DFSDM_FilterInjectedStop                      build/debug/stm32l4xx_hal_dfsdm.o
HAL_DFSDM_FilterInjectedStop_DMA                  build/debug/stm32l4xx_hal_dfsdm.o
HAL_DFSDM_FilterInjectedStop_IT                   build/debug/stm32l4xx_hal_dfsdm.o
HAL_DFSDM_FilterMspDeInit                         build/debug/stm32l4xx_hal_msp.o
                                                  build/debug/stm32l4xx_hal_dfsdm.o
HAL_DFSDM_FilterMspInit                           build/debug/stm32l4xx_hal_msp.o
                                                  build/debug/stm32l4xx_hal_dfsdm.o
HAL_DFSDM_FilterPollForInjConversion              build/debug/stm32l4xx_hal_dfsdm.o
HAL_DFSDM_FilterPollForRegConversion              build/debug/stm32l4xx_hal_dfsdm.o
HAL_DFSDM_FilterRegConvCpltCallback               build/debug/main.o
HAL_DFSDM_FilterRegConvHalfCpltCallback           build/debug/main.o
HAL_DFSDM_FilterRegularMsbStart_DMA               build/debug/stm32l4xx_hal_dfsdm.o
HAL_DFSDM_FilterRegularStart                      build/debug/stm32l4xx_hal_dfsdm.o
HAL_DFSDM_FilterRegularStart_DMA                  build/debug/stm32l4xx_hal_dfsdm.o
                                                  build/debug/main.o
HAL_DFSDM_FilterRegularStart_IT                   build/debug/stm32l4xx_hal_dfsdm.o
HAL_DFSDM_FilterRegularStop                       build/debug/stm32l4xx_hal_dfsdm.o
HAL_DFSDM_FilterRegularStop_DMA                   build/debug/stm32l4xx_hal_dfsdm.o
HAL_DFSDM_FilterRegularStop_IT                    build/debug/stm32l4xx_hal_dfsdm.o
HAL_DFSDM_IRQHandler                              build/debug/stm32l4xx_hal_dfsdm.o
HAL_DMA_Abort                                     build/debug/stm32l4xx_hal_dma.o
                                                  build/debug/stm32l4xx_hal_uart.o
                                                  build/debug/stm32l4xx_hal_dfsdm.o
HAL_DMA_Abort_IT                                  build/debug/stm32l4xx_hal_dma.o
                                                  build/debug/stm32l4xx_hal_uart.o
HAL_DMA_DeInit                                    build/debug/stm32l4xx_hal_dma.o
                                                  build/debug/stm32l4xx_hal_msp.o
HAL_DMA_GetError                                  build/debug/stm32l4xx_hal_dma.o
                                                  build/debug/stm32l4xx_hal_uart.o
HAL_DMA_GetState                                  build/debug/stm32l4xx_hal_dma.o
HAL_DMA_IRQHandler                                build/debug/stm32l4xx_hal_dma.o
                                                  build/debug/stm32l4xx_it.o
HAL_DMA_Init                                      build/debug/stm32l4xx_hal_dma.o
                                                  build/debug/stm32l4xx_hal_msp.o
HAL_DMA_PollForTransfer                           build/debug/stm32l4xx_hal_dma.o
HAL_DMA_RegisterCallback                          build/debug/stm32l4xx_hal_dma.o
HAL_DMA_Start                                     build/debug/stm32l4xx_hal_dma.o
HAL_DMA_Start_IT                                  build/debug/stm32l4xx_hal_dma.o
                                                  build/debug/stm32l4xx_hal_uart.o
                                                  build/debug/stm32l4xx_hal_dfsdm.o
HAL_DMA_UnRegisterCallback                        build/debug/stm32l4xx_hal_dma.o
HAL_DeInit                                        build/debug/stm32l4xx_hal.o
HAL_Delay                                         build/debug/stm32l4xx_hal.o
                                                  build/debug/main.o
HAL_EXTI_ClearConfigLine                          build/debug/stm32l4xx_hal_exti.o
HAL_EXTI_ClearPending                             build/debug/stm32l4xx_hal_exti.o
HAL_EXTI_GenerateSWI                              build/debug/stm32l4xx_hal_exti.o
HAL_EXTI_GetConfigLine                            build/debug/stm32l4xx_hal_exti.o
HAL_EXTI_GetHandle                                build/debug/stm32l4xx_hal_exti.o
HAL_EXTI_GetPending                               build/debug/stm32l4xx_hal_exti.o
HAL_EXTI_IRQHandler                               build/debug/stm32l4xx_hal_exti.o
HAL_EXTI_RegisterCallback                         build/debug/stm32l4xx_hal_exti.o
HAL_EXTI_SetConfigLine                            build/debug/stm32l4xx_hal_exti.o
HAL_FLASHEx_DisableRunPowerDown                   build/debug/stm32l4xx_hal_flash_ramfunc.o
HAL_FLASHEx_EnableRunPowerDown                    build/debug/stm32l4xx_hal_flash_ramfunc.o
HAL_FLASHEx_Erase                                 build/debug/stm32l4xx_hal_flash_ex.o
HAL_FLASHEx_Erase_IT                              build/debug/stm32l4xx_hal_flash_ex.o
HAL_FLASHEx_OBGetConfig                           build/debug/stm32l4xx_hal_flash_ex.o
HAL_FLASHEx_OBProgram                             build/debug/stm32l4xx_hal_flash_ex.o
HAL_FLASH_EndOfOperationCallback                  build/debug/stm32l4xx_hal_flash.o
HAL_FLASH_GetError                                build/debug/stm32l4xx_hal_flash.o
HAL_FLASH_IRQHandler                              build/debug/stm32l4xx_hal_flash.o
HAL_FLASH_Lock                                    build/debug/stm32l4xx_hal_flash.o
HAL_FLASH_OB_Launch                               build/debug/stm32l4xx_hal_flash.o
HAL_FLASH_OB_Lock                                 build/debug/stm32l4xx_hal_flash.o
HAL_FLASH_OB_Unlock                               build/debug/stm32l4xx_hal_flash.o
HAL_FLASH_OperationErrorCallback                  build/debug/stm32l4xx_hal_flash.o
HAL_FLASH_Program                                 build/debug/stm32l4xx_hal_flash.o
HAL_FLASH_Program_IT                              build/debug/stm32l4xx_hal_flash.o
HAL_FLASH_Unlock                                  build/debug/stm32l4xx_hal_flash.o
HAL_GPIO_DeInit                                   build/debug/stm32l4xx_hal_gpio.o
                                                  build/debug/stm32l4xx_hal_msp.o
HAL_GPIO_EXTI_Callback                            build/debug/stm32l4xx_hal_gpio.o
HAL_GPIO_EXTI_IRQHandler                          build/debug/stm32l4xx_hal_gpio.o
HAL_GPIO_Init                                     build/debug/stm32l4xx_hal_gpio.o
                                                  build/debug/stm32l4xx_hal_rcc_ex.o
                                                  build/debug/stm32l4xx_hal_rcc.o
                                                  build/debug/stm32l4xx_hal_msp.o
                                                  build/debug/main.o
HAL_GPIO_LockPin                                  build/debug/stm32l4xx_hal_gpio.o
HAL_GPIO_ReadPin                                  build/debug/stm32l4xx_hal_gpio.o
HAL_GPIO_TogglePin                                build/debug/stm32l4xx_hal_gpio.o
                                                  build/debug/main.o
HAL_GPIO_WritePin                                 build/debug/stm32l4xx_hal_gpio.o
                                                  build/debug/main.o
HAL_GetDEVID                                      build/debug/stm32l4xx_hal.o
HAL_GetHalVersion                                 build/debug/stm32l4xx_hal.o
HAL_GetREVID                                      build/debug/stm32l4xx_hal.o
HAL_GetTick                                       build/debug/stm32l4xx_hal.o
                                                  build/debug/stm32l4xx_hal_uart_ex.o
                                                  build/debug/stm32l4xx_hal_uart.o
                                                  build/debug/stm32l4xx_hal_rcc_ex.o
                                                  build/debug/stm32l4xx_hal_rcc.o
                                                  build/debug/stm32l4xx_hal_flash.o
                                                  build/debug/stm32l4xx_hal_dma.o
                                                  build/debug/stm32l4xx_hal_dfsdm.o
HAL_GetTickFreq                                   build/debug/stm32l4xx_hal.o
HAL_GetTickPrio                                   build/debug/stm32l4xx_hal.o
HAL_GetUIDw0                                      build/debug/stm32l4xx_hal.o
HAL_GetUIDw1                                      build/debug/stm32l4xx_hal.o
HAL_GetUIDw2                                      build/debug/stm32l4xx_hal.o
HAL_HalfDuplex_EnableReceiver                     build/debug/stm32l4xx_hal_uart.o
HAL_HalfDuplex_EnableTransmitter                  build/debug/stm32l4xx_hal_uart.o
HAL_HalfDuplex_Init                               build/debug/stm32l4xx_hal_uart.o
HAL_IncTick                                       build/debug/stm32l4xx_hal.o
                                                  build/debug/stm32l4xx_it.o
HAL_Init                                          build/debug/stm32l4xx_hal.o
                                                  build/debug/main.o
HAL_InitTick                                      build/debug/stm32l4xx_hal.o
                                                  build/debug/stm32l4xx_hal_rcc.o
HAL_LIN_Init                                      build/debug/stm32l4xx_hal_uart.o
HAL_LIN_SendBreak                                 build/debug/stm32l4xx_hal_uart.o
HAL_MPU_ConfigRegion                              build/debug/stm32l4xx_hal_cortex.o
HAL_MPU_Disable                                   build/debug/stm32l4xx_hal_cortex.o
HAL_MPU_DisableRegion                             build/debug/stm32l4xx_hal_cortex.o
HAL_MPU_Enable                                    build/debug/stm32l4xx_hal_cortex.o
HAL_MPU_EnableRegion                              build/debug/stm32l4xx_hal_cortex.o
HAL_MspDeInit                                     build/debug/stm32l4xx_hal.o
HAL_MspInit                                       build/debug/stm32l4xx_hal_msp.o
                                                  build/debug/stm32l4xx_hal.o
HAL_MultiProcessorEx_AddressLength_Set            build/debug/stm32l4xx_hal_uart_ex.o
HAL_MultiProcessor_DisableMuteMode                build/debug/stm32l4xx_hal_uart.o
HAL_MultiProcessor_EnableMuteMode                 build/debug/stm32l4xx_hal_uart.o
HAL_MultiProcessor_EnterMuteMode                  build/debug/stm32l4xx_hal_uart.o
HAL_MultiProcessor_Init                           build/debug/stm32l4xx_hal_uart.o
HAL_NVIC_ClearPendingIRQ                          build/debug/stm32l4xx_hal_cortex.o
HAL_NVIC_DisableIRQ                               build/debug/stm32l4xx_hal_cortex.o
                                                  build/debug/stm32l4xx_hal_msp.o
HAL_NVIC_EnableIRQ                                build/debug/stm32l4xx_hal_cortex.o
                                                  build/debug/stm32l4xx_hal_msp.o
                                                  build/debug/main.o
HAL_NVIC_GetActive                                build/debug/stm32l4xx_hal_cortex.o
HAL_NVIC_GetPendingIRQ                            build/debug/stm32l4xx_hal_cortex.o
HAL_NVIC_GetPriority                              build/debug/stm32l4xx_hal_cortex.o
HAL_NVIC_GetPriorityGrouping                      build/debug/stm32l4xx_hal_cortex.o
HAL_NVIC_SetPendingIRQ                            build/debug/stm32l4xx_hal_cortex.o
HAL_NVIC_SetPriority                              build/debug/stm32l4xx_hal_cortex.o
                                                  build/debug/stm32l4xx_hal_msp.o
                                                  build/debug/stm32l4xx_hal.o
                                                  build/debug/main.o
HAL_NVIC_SetPriorityGrouping                      build/debug/stm32l4xx_hal_cortex.o
                                                  build/debug/stm32l4xx_hal.o
HAL_NVIC_SystemReset                              build/debug/stm32l4xx_hal_cortex.o
HAL_PWREx_ConfigPVM                               build/debug/stm32l4xx_hal_pwr_ex.o
HAL_PWREx_ControlVoltageScaling                   build/debug/stm32l4xx_hal_pwr_ex.o
                                                  build/debug/main.o
HAL_PWREx_DisableBatteryCharging                  build/debug/stm32l4xx_hal_pwr_ex.o
HAL_PWREx_DisableGPIOPullDown                     build/debug/stm32l4xx_hal_pwr_ex.o
HAL_PWREx_DisableGPIOPullUp                       build/debug/stm32l4xx_hal_pwr_ex.o
HAL_PWREx_DisableInternalWakeUpLine               build/debug/stm32l4xx_hal_pwr_ex.o
HAL_PWREx_DisableLowPowerRunMode                  build/debug/stm32l4xx_hal_pwr_ex.o
                                                  build/debug/stm32l4xx_hal_pwr.o
HAL_PWREx_DisablePVM1                             build/debug/stm32l4xx_hal_pwr_ex.o
HAL_PWREx_DisablePVM2                             build/debug/stm32l4xx_hal_pwr_ex.o
HAL_PWREx_DisablePVM3                             build/debug/stm32l4xx_hal_pwr_ex.o
HAL_PWREx_DisablePVM4                             build/debug/stm32l4xx_hal_pwr_ex.o
HAL_PWREx_DisablePullUpPullDownConfig             build/debug/stm32l4xx_hal_pwr_ex.o
HAL_PWREx_DisableSRAM2ContentRetention            build/debug/stm32l4xx_hal_pwr_ex.o
HAL_PWREx_DisableVddIO2                           build/debug/stm32l4xx_hal_pwr_ex.o
HAL_PWREx_DisableVddUSB                           build/debug/stm32l4xx_hal_pwr_ex.o
HAL_PWREx_EnableBatteryCharging                   build/debug/stm32l4xx_hal_pwr_ex.o
HAL_PWREx_EnableGPIOPullDown                      build/debug/stm32l4xx_hal_pwr_ex.o
HAL_PWREx_EnableGPIOPullUp                        build/debug/stm32l4xx_hal_pwr_ex.o
HAL_PWREx_EnableInternalWakeUpLine                build/debug/stm32l4xx_hal_pwr_ex.o
HAL_PWREx_EnableLowPowerRunMode                   build/debug/stm32l4xx_hal_pwr_ex.o
                                                  build/debug/stm32l4xx_hal_pwr.o
HAL_PWREx_EnablePVM1                              build/debug/stm32l4xx_hal_pwr_ex.o
HAL_PWREx_EnablePVM2                              build/debug/stm32l4xx_hal_pwr_ex.o
HAL_PWREx_EnablePVM3                              build/debug/stm32l4xx_hal_pwr_ex.o
HAL_PWREx_EnablePVM4                              build/debug/stm32l4xx_hal_pwr_ex.o
HAL_PWREx_EnablePullUpPullDownConfig              build/debug/stm32l4xx_hal_pwr_ex.o
HAL_PWREx_EnableSRAM2ContentRetention             build/debug/stm32l4xx_hal_pwr_ex.o
HAL_PWREx_EnableVddIO2                            build/debug/stm32l4xx_hal_pwr_ex.o
HAL_PWREx_EnableVddUSB                            build/debug/stm32l4xx_hal_pwr_ex.o
HAL_PWREx_EnterSHUTDOWNMode                       build/debug/stm32l4xx_hal_pwr_ex.o
HAL_PWREx_EnterSTOP0Mode                          build/debug/stm32l4xx_hal_pwr_ex.o
                                                  build/debug/stm32l4xx_hal_pwr.o
HAL_PWREx_EnterSTOP1Mode                          build/debug/stm32l4xx_hal_pwr_ex.o
                                                  build/debug/stm32l4xx_hal_pwr.o
HAL_PWREx_EnterSTOP2Mode                          build/debug/stm32l4xx_hal_pwr_ex.o
HAL_PWREx_GetVoltageRange                         build/debug/stm32l4xx_hal_pwr_ex.o
                                                  build/debug/stm32l4xx_hal_rcc.o
HAL_PWREx_PVD_PVM_IRQHandler                      build/debug/stm32l4xx_hal_pwr_ex.o
HAL_PWREx_PVM1Callback                            build/debug/stm32l4xx_hal_pwr_ex.o
HAL_PWREx_PVM2Callback                            build/debug/stm32l4xx_hal_pwr_ex.o
HAL_PWREx_PVM3Callback                            build/debug/stm32l4xx_hal_pwr_ex.o
HAL_PWREx_PVM4Callback                            build/debug/stm32l4xx_hal_pwr_ex.o
HAL_PWREx_SetSRAM2ContentRetention                build/debug/stm32l4xx_hal_pwr_ex.o
HAL_PWR_ConfigPVD                                 build/debug/stm32l4xx_hal_pwr.o
HAL_PWR_DeInit                                    build/debug/stm32l4xx_hal_pwr.o
HAL_PWR_DisableBkUpAccess                         build/debug/stm32l4xx_hal_pwr.o
                                                  build/debug/stm32l4xx_hal_rcc_ex.o
HAL_PWR_DisablePVD                                build/debug/stm32l4xx_hal_pwr.o
HAL_PWR_DisableSEVOnPend                          build/debug/stm32l4xx_hal_pwr.o
HAL_PWR_DisableSleepOnExit                        build/debug/stm32l4xx_hal_pwr.o
HAL_PWR_DisableWakeUpPin                          build/debug/stm32l4xx_hal_pwr.o
HAL_PWR_EnableBkUpAccess                          build/debug/stm32l4xx_hal_pwr.o
                                                  build/debug/stm32l4xx_hal_rcc_ex.o
HAL_PWR_EnablePVD                                 build/debug/stm32l4xx_hal_pwr.o
HAL_PWR_EnableSEVOnPend                           build/debug/stm32l4xx_hal_pwr.o
HAL_PWR_EnableSleepOnExit                         build/debug/stm32l4xx_hal_pwr.o
HAL_PWR_EnableWakeUpPin                           build/debug/stm32l4xx_hal_pwr.o
HAL_PWR_EnterSLEEPMode                            build/debug/stm32l4xx_hal_pwr.o
HAL_PWR_EnterSTANDBYMode                          build/debug/stm32l4xx_hal_pwr.o
HAL_PWR_EnterSTOPMode                             build/debug/stm32l4xx_hal_pwr.o
HAL_PWR_PVDCallback                               build/debug/stm32l4xx_hal_pwr.o
                                                  build/debug/stm32l4xx_hal_pwr_ex.o
HAL_RCCEx_DisableLSCO                             build/debug/stm32l4xx_hal_rcc_ex.o
HAL_RCCEx_DisableLSECSS                           build/debug/stm32l4xx_hal_rcc_ex.o
HAL_RCCEx_DisableMSIPLLMode                       build/debug/stm32l4xx_hal_rcc_ex.o
HAL_RCCEx_DisablePLLSAI1                          build/debug/stm32l4xx_hal_rcc_ex.o
HAL_RCCEx_DisablePLLSAI2                          build/debug/stm32l4xx_hal_rcc_ex.o
HAL_RCCEx_EnableLSCO                              build/debug/stm32l4xx_hal_rcc_ex.o
HAL_RCCEx_EnableLSECSS                            build/debug/stm32l4xx_hal_rcc_ex.o
HAL_RCCEx_EnableLSECSS_IT                         build/debug/stm32l4xx_hal_rcc_ex.o
HAL_RCCEx_EnableMSIPLLMode                        build/debug/stm32l4xx_hal_rcc_ex.o
HAL_RCCEx_EnablePLLSAI1                           build/debug/stm32l4xx_hal_rcc_ex.o
HAL_RCCEx_EnablePLLSAI2                           build/debug/stm32l4xx_hal_rcc_ex.o
HAL_RCCEx_GetPeriphCLKConfig                      build/debug/stm32l4xx_hal_rcc_ex.o
HAL_RCCEx_GetPeriphCLKFreq                        build/debug/stm32l4xx_hal_rcc_ex.o
HAL_RCCEx_LSECSS_Callback                         build/debug/stm32l4xx_hal_rcc_ex.o
HAL_RCCEx_LSECSS_IRQHandler                       build/debug/stm32l4xx_hal_rcc_ex.o
HAL_RCCEx_PeriphCLKConfig                         build/debug/stm32l4xx_hal_rcc_ex.o
                                                  build/debug/stm32l4xx_hal_msp.o
HAL_RCCEx_StandbyMSIRangeConfig                   build/debug/stm32l4xx_hal_rcc_ex.o
HAL_RCCEx_WakeUpStopCLKConfig                     build/debug/stm32l4xx_hal_rcc_ex.o
HAL_RCC_CSSCallback                               build/debug/stm32l4xx_hal_rcc.o
HAL_RCC_ClockConfig                               build/debug/stm32l4xx_hal_rcc.o
                                                  build/debug/main.o
HAL_RCC_DeInit                                    build/debug/stm32l4xx_hal_rcc.o
HAL_RCC_EnableCSS                                 build/debug/stm32l4xx_hal_rcc.o
HAL_RCC_GetClockConfig                            build/debug/stm32l4xx_hal_rcc.o
HAL_RCC_GetHCLKFreq                               build/debug/stm32l4xx_hal_rcc.o
HAL_RCC_GetOscConfig                              build/debug/stm32l4xx_hal_rcc.o
HAL_RCC_GetPCLK1Freq                              build/debug/stm32l4xx_hal_rcc.o
                                                  build/debug/stm32l4xx_hal_uart.o
                                                  build/debug/stm32l4xx_hal_rcc_ex.o
HAL_RCC_GetPCLK2Freq                              build/debug/stm32l4xx_hal_rcc.o
                                                  build/debug/stm32l4xx_hal_uart.o
                                                  build/debug/stm32l4xx_hal_rcc_ex.o
HAL_RCC_GetResetSource                            build/debug/stm32l4xx_hal_rcc.o
HAL_RCC_GetSysClockFreq                           build/debug/stm32l4xx_hal_rcc.o
                                                  build/debug/stm32l4xx_hal_uart.o
                                                  build/debug/stm32l4xx_hal_rcc_ex.o
HAL_RCC_MCOConfig                                 build/debug/stm32l4xx_hal_rcc.o
HAL_RCC_NMI_IRQHandler                            build/debug/stm32l4xx_hal_rcc.o
HAL_RCC_OscConfig                                 build/debug/stm32l4xx_hal_rcc.o
                                                  build/debug/main.o
HAL_RS485Ex_Init                                  build/debug/stm32l4xx_hal_uart_ex.o
HAL_ResumeTick                                    build/debug/stm32l4xx_hal.o
HAL_SYSCFG_DisableIOAnalogSwitchBooster           build/debug/stm32l4xx_hal.o
HAL_SYSCFG_DisableMemorySwappingBank              build/debug/stm32l4xx_hal.o
HAL_SYSCFG_DisableVREFBUF                         build/debug/stm32l4xx_hal.o
HAL_SYSCFG_EnableIOAnalogSwitchBooster            build/debug/stm32l4xx_hal.o
HAL_SYSCFG_EnableMemorySwappingBank               build/debug/stm32l4xx_hal.o
HAL_SYSCFG_EnableVREFBUF                          build/debug/stm32l4xx_hal.o
HAL_SYSCFG_SRAM2Erase                             build/debug/stm32l4xx_hal.o
HAL_SYSCFG_VREFBUF_HighImpedanceConfig            build/debug/stm32l4xx_hal.o
HAL_SYSCFG_VREFBUF_TrimmingConfig                 build/debug/stm32l4xx_hal.o
HAL_SYSCFG_VREFBUF_VoltageScalingConfig           build/debug/stm32l4xx_hal.o
HAL_SYSTICK_CLKSourceConfig                       build/debug/stm32l4xx_hal_cortex.o
HAL_SYSTICK_Callback                              build/debug/stm32l4xx_hal_cortex.o
HAL_SYSTICK_Config                                build/debug/stm32l4xx_hal_cortex.o
                                                  build/debug/stm32l4xx_hal.o
HAL_SYSTICK_IRQHandler                            build/debug/stm32l4xx_hal_cortex.o
HAL_SetTickFreq                                   build/debug/stm32l4xx_hal.o
HAL_SuspendTick                                   build/debug/stm32l4xx_hal.o
HAL_UARTEx_DisableClockStopMode                   build/debug/stm32l4xx_hal_uart_ex.o
HAL_UARTEx_DisableStopMode                        build/debug/stm32l4xx_hal_uart_ex.o
HAL_UARTEx_EnableClockStopMode                    build/debug/stm32l4xx_hal_uart_ex.o
HAL_UARTEx_EnableStopMode                         build/debug/stm32l4xx_hal_uart_ex.o
HAL_UARTEx_GetRxEventType                         build/debug/stm32l4xx_hal_uart_ex.o
HAL_UARTEx_ReceiveToIdle                          build/debug/stm32l4xx_hal_uart_ex.o
HAL_UARTEx_ReceiveToIdle_DMA                      build/debug/stm32l4xx_hal_uart_ex.o
HAL_UARTEx_ReceiveToIdle_IT                       build/debug/stm32l4xx_hal_uart_ex.o
HAL_UARTEx_RxEventCallback                        build/debug/stm32l4xx_hal_uart.o
HAL_UARTEx_StopModeWakeUpSourceConfig             build/debug/stm32l4xx_hal_uart_ex.o
HAL_UARTEx_WakeupCallback                         build/debug/stm32l4xx_hal_uart_ex.o
                                                  build/debug/stm32l4xx_hal_uart.o
HAL_UART_Abort                                    build/debug/stm32l4xx_hal_uart.o
HAL_UART_AbortCpltCallback                        build/debug/stm32l4xx_hal_uart.o
HAL_UART_AbortReceive                             build/debug/stm32l4xx_hal_uart.o
HAL_UART_AbortReceiveCpltCallback                 build/debug/stm32l4xx_hal_uart.o
HAL_UART_AbortReceive_IT                          build/debug/stm32l4xx_hal_uart.o
HAL_UART_AbortTransmit                            build/debug/stm32l4xx_hal_uart.o
HAL_UART_AbortTransmitCpltCallback                build/debug/stm32l4xx_hal_uart.o
HAL_UART_AbortTransmit_IT                         build/debug/stm32l4xx_hal_uart.o
HAL_UART_Abort_IT                                 build/debug/stm32l4xx_hal_uart.o
HAL_UART_DMAPause                                 build/debug/stm32l4xx_hal_uart.o
HAL_UART_DMAResume                                build/debug/stm32l4xx_hal_uart.o
HAL_UART_DMAStop                                  build/debug/stm32l4xx_hal_uart.o
HAL_UART_DeInit                                   build/debug/stm32l4xx_hal_uart.o
HAL_UART_DisableReceiverTimeout                   build/debug/stm32l4xx_hal_uart.o
HAL_UART_EnableReceiverTimeout                    build/debug/stm32l4xx_hal_uart.o
HAL_UART_ErrorCallback                            build/debug/stm32l4xx_hal_uart.o
HAL_UART_GetError                                 build/debug/stm32l4xx_hal_uart.o
HAL_UART_GetState                                 build/debug/stm32l4xx_hal_uart.o
HAL_UART_IRQHandler                               build/debug/stm32l4xx_hal_uart.o
                                                  build/debug/stm32l4xx_it.o
HAL_UART_Init                                     build/debug/stm32l4xx_hal_uart.o
                                                  build/debug/main.o
HAL_UART_MspDeInit                                build/debug/stm32l4xx_hal_msp.o
HAL_UART_MspInit                                  build/debug/stm32l4xx_hal_msp.o
                                                  build/debug/stm32l4xx_hal_uart_ex.o
HAL_UART_Receive                                  build/debug/stm32l4xx_hal_uart.o
HAL_UART_Receive_DMA                              build/debug/stm32l4xx_hal_uart.o
HAL_UART_Receive_IT                               build/debug/stm32l4xx_hal_uart.o
HAL_UART_ReceiverTimeout_Config                   build/debug/stm32l4xx_hal_uart.o
HAL_UART_RxCpltCallback                           build/debug/stm32l4xx_hal_uart.o
HAL_UART_RxHalfCpltCallback                       build/debug/stm32l4xx_hal_uart.o
HAL_UART_Transmit                                 build/debug/stm32l4xx_hal_uart.o
HAL_UART_Transmit_DMA                             build/debug/stm32l4xx_hal_uart.o
HAL_UART_Transmit_IT                              build/debug/stm32l4xx_hal_uart.o
HAL_UART_TxCpltCallback                           build/debug/stm32l4xx_hal_uart.o
HAL_UART_TxHalfCpltCallback                       build/debug/stm32l4xx_hal_uart.o
HardFault_Handler                                 build/debug/stm32l4xx_it.o
I2C1_ER_IRQHandler                                build/debug/startup_stm32l475xx.o
I2C1_EV_IRQHandler                                build/debug/startup_stm32l475xx.o
I2C2_ER_IRQHandler                                build/debug/startup_stm32l475xx.o
I2C2_EV_IRQHandler                                build/debug/startup_stm32l475xx.o
I2C3_ER_IRQHandler                                build/debug/startup_stm32l475xx.o
I2C3_EV_IRQHandler                                build/debug/startup_stm32l475xx.o
LPTIM1_IRQHandler                                 build/debug/startup_stm32l475xx.o
LPTIM2_IRQHandler                                 build/debug/startup_stm32l475xx.o
LPUART1_IRQHandler                                build/debug/startup_stm32l475xx.o
MSIRangeTable                                     build/debug/system_stm32l4xx.o
                                                  build/debug/stm32l4xx_hal_rcc_ex.o
                                                  build/debug/stm32l4xx_hal_rcc.o
MemManage_Handler                                 build/debug/stm32l4xx_it.o
NMI_Handler                                       build/debug/stm32l4xx_it.o
OTG_FS_IRQHandler                                 build/debug/startup_stm32l475xx.o
PVD_PVM_IRQHandler                                build/debug/startup_stm32l475xx.o
PendSV_Handler                                    build/debug/stm32l4xx_it.o
QUADSPI_IRQHandler                                build/debug/startup_stm32l475xx.o
RCC_IRQHandler                                    build/debug/startup_stm32l475xx.o
RNG_IRQHandler                                    build/debug/startup_stm32l475xx.o
RTC_Alarm_IRQHandler                              build/debug/startup_stm32l475xx.o
RTC_WKUP_IRQHandler                               build/debug/startup_stm32l475xx.o
RecBuff                                           build/debug/main.o
Reset_Handler                                     build/debug/startup_stm32l475xx.o
SAI1_IRQHandler                                   build/debug/startup_stm32l475xx.o
SAI2_IRQHandler                                   build/debug/startup_stm32l475xx.o
SDMMC1_IRQHandler                                 build/debug/startup_stm32l475xx.o
SPI1_IRQHandler                                   build/debug/startup_stm32l475xx.o
SPI2_IRQHandler                                   build/debug/startup_stm32l475xx.o
SPI3_IRQHandler                                   build/debug/startup_stm32l475xx.o
SVC_Handler                                       build/debug/stm32l4xx_it.o
SWPMI1_IRQHandler                                 build/debug/startup_stm32l475xx.o
SysTick_Handler                                   build/debug/stm32l4xx_it.o
SystemClock_Config                                build/debug/main.o
SystemCoreClock                                   build/debug/system_stm32l4xx.o
                                                  build/debug/stm32l4xx_hal_rcc.o
                                                  build/debug/stm32l4xx_hal_pwr_ex.o
                                                  build/debug/stm32l4xx_hal.o
SystemCoreClockUpdate                             build/debug/system_stm32l4xx.o
SystemInit                                        build/debug/system_stm32l4xx.o
                                                  build/debug/startup_stm32l475xx.o
TAMP_STAMP_IRQHandler                             build/debug/startup_stm32l475xx.o
TIM1_BRK_TIM15_IRQHandler                         build/debug/startup_stm32l475xx.o
TIM1_CC_IRQHandler                                build/debug/startup_stm32l475xx.o
TIM1_TRG_COM_TIM17_IRQHandler                     build/debug/startup_stm32l475xx.o
TIM1_UP_TIM16_IRQHandler                          build/debug/startup_stm32l475xx.o
TIM2_IRQHandler                                   build/debug/startup_stm32l475xx.o
TIM3_IRQHandler                                   build/debug/startup_stm32l475xx.o
TIM4_IRQHandler                                   build/debug/startup_stm32l475xx.o
TIM5_IRQHandler                                   build/debug/startup_stm32l475xx.o
TIM6_DAC_IRQHandler                               build/debug/startup_stm32l475xx.o
TIM7_IRQHandler                                   build/debug/startup_stm32l475xx.o
TIM8_BRK_IRQHandler                               build/debug/startup_stm32l475xx.o
TIM8_CC_IRQHandler                                build/debug/startup_stm32l475xx.o
TIM8_TRG_COM_IRQHandler                           build/debug/startup_stm32l475xx.o
TIM8_UP_IRQHandler                                build/debug/startup_stm32l475xx.o
TSC_IRQHandler                                    build/debug/startup_stm32l475xx.o
UART4_IRQHandler                                  build/debug/startup_stm32l475xx.o
UART5_IRQHandler                                  build/debug/startup_stm32l475xx.o
UART_AdvFeatureConfig                             build/debug/stm32l4xx_hal_uart.o
                                                  build/debug/stm32l4xx_hal_uart_ex.o
UART_CheckIdleState                               build/debug/stm32l4xx_hal_uart.o
                                                  build/debug/stm32l4xx_hal_uart_ex.o
UART_SetConfig                                    build/debug/stm32l4xx_hal_uart.o